loaded splits+cands in 7s
fit ParadigmModel K=600 seed=3 in 44s
fit ParadigmModel K=600 seed=4 in 38s
fit ParadigmModel K=600 seed=5 in 42s
  priors transfer 600s6 in 40s
  priors complete 600s6 in 19s
  priors wug 600s6 in 3s
  priors unseen 600s6 in 2s
built tables in 343s

=== DIAGNOSTICS (n per segment: transfer=13084 rows/8973 lemmas, complete=6023 rows/5030 lemmas, wug=6528 rows/500 lemmas, unseen=7176 rows/250 lemmas)
transfer  oracle(gold in beam) 0.9751 | oracle-class then argmax 0.9668 | NN-only EM 0.4458 | baseline EM 0.9503 class-acc 0.9689 | baseline errors: stress-wrong 3.1% of rows, segmental-only 1.9% of rows
complete  oracle(gold in beam) 0.9801 | oracle-class then argmax 0.9726 | NN-only EM 0.4121 | baseline EM 0.9357 class-acc 0.9515 | baseline errors: stress-wrong 4.8% of rows, segmental-only 1.6% of rows
wug       oracle(gold in beam) 0.9773 | oracle-class then argmax 0.9606 | NN-only EM 0.4257 | baseline EM 0.4675 class-acc 0.4838 | baseline errors: stress-wrong 51.6% of rows, segmental-only 1.6% of rows
unseen    oracle(gold in beam) 0.9654 | oracle-class then argmax 0.9309 | NN-only EM 0.3654 | baseline EM 0.3788 class-acc 0.4104 | baseline errors: stress-wrong 59.0% of rows, segmental-only 3.2% of rows
BASELINE lam=2 joint K=300                   score 0.63898 | transfer: EM 0.9503 CER 0.0231 complete: EM 0.9357 CER 0.0242 wug: EM 0.4675 CER 0.1432 unseen: EM 0.3788 CER 0.1401

=== SINGLE-FACTOR comparisons vs baseline (per-segment obj = 0.9EM+0.1(1-CER); d = new - base)
K=300 per-row              | transfer d_obj +0.00014 (EM 0.9505) | complete d_obj +0.00000 (EM 0.9357) | wug d_obj -0.00119 (EM 0.4663) | unseen d_obj +0.00426 (EM 0.3834)
K=600                      | transfer d_obj +0.00071 (EM 0.9511) | complete d_obj +0.00092 (EM 0.9367) | wug d_obj +0.00056 (EM 0.4681) | unseen d_obj -0.00013 (EM 0.3786)
K=600 per-row              | transfer d_obj +0.00071 (EM 0.9511) | complete d_obj +0.00092 (EM 0.9367) | wug d_obj -0.00033 (EM 0.4672) | unseen d_obj +0.00656 (EM 0.3859)
K=both                     | transfer d_obj +0.00057 (EM 0.9509) | complete d_obj +0.00138 (EM 0.9372) | wug d_obj +0.00211 (EM 0.4698) | unseen d_obj +0.00012 (EM 0.3789)
mu=0.3                     | transfer d_obj +0.00097 (EM 0.9514) | complete d_obj +0.00060 (EM 0.9364) | wug d_obj +0.00085 (EM 0.4684) | unseen d_obj +0.00476 (EM 0.3839)
mu=0.6                     | transfer d_obj +0.00118 (EM 0.9516) | complete d_obj +0.00075 (EM 0.9366) | wug d_obj +0.00101 (EM 0.4686) | unseen d_obj +0.00617 (EM 0.3855)
mu=1.0                     | transfer d_obj +0.00131 (EM 0.9518) | complete d_obj -0.00001 (EM 0.9357) | wug d_obj +0.00130 (EM 0.4689) | unseen d_obj +0.00514 (EM 0.3843)
K=600 mu=0.6               | transfer d_obj +0.00189 (EM 0.9524) | complete d_obj +0.00167 (EM 0.9376) | wug d_obj +0.00157 (EM 0.4692) | unseen d_obj +0.00590 (EM 0.3852)
K=600 per-row mu=0.6       | transfer d_obj +0.00189 (EM 0.9524) | complete d_obj +0.00167 (EM 0.9376) | wug d_obj +0.00068 (EM 0.4683) | unseen d_obj +0.01284 (EM 0.3927)
lam=1                      | transfer d_obj -0.00169 (EM 0.9485) | complete d_obj -0.00245 (EM 0.9331) | wug d_obj -0.00606 (EM 0.4609) | unseen d_obj +0.00007 (EM 0.3789)
lam=3                      | transfer d_obj +0.00021 (EM 0.9506) | complete d_obj -0.00123 (EM 0.9344) | wug d_obj -0.00261 (EM 0.4648) | unseen d_obj +0.00105 (EM 0.3799)
lam=4                      | transfer d_obj +0.00021 (EM 0.9506) | complete d_obj -0.00153 (EM 0.9341) | wug d_obj -0.00391 (EM 0.4634) | unseen d_obj +0.00210 (EM 0.3810)
prior only (lam=1000)      | transfer d_obj -0.00034 (EM 0.9499) | complete d_obj -0.00581 (EM 0.9294) | wug d_obj -0.01080 (EM 0.4559) | unseen d_obj -0.00638 (EM 0.3718)
sel=mbr                    | transfer d_obj +0.00007 (EM 0.9504) | complete d_obj +0.00000 (EM 0.9357) | wug d_obj +0.00073 (EM 0.4683) | unseen d_obj -0.00153 (EM 0.3771)
sel=soft                   | transfer d_obj +0.00007 (EM 0.9504) | complete d_obj +0.00000 (EM 0.9357) | wug d_obj +0.00044 (EM 0.4680) | unseen d_obj -0.00050 (EM 0.3782)
sel=hard_segmarg           | transfer d_obj -0.02134 (EM 0.9269) | complete d_obj -0.01714 (EM 0.9170) | wug d_obj -0.00940 (EM 0.4571) | unseen d_obj -0.00905 (EM 0.3687)
sel=prodmarg               | transfer d_obj -0.02148 (EM 0.9268) | complete d_obj -0.01760 (EM 0.9165) | wug d_obj -0.01030 (EM 0.4560) | unseen d_obj -0.01168 (EM 0.3657)
fallback=next              | transfer d_obj +0.00000 (EM 0.9503) | complete d_obj +0.00000 (EM 0.9357) | wug d_obj +0.00000 (EM 0.4675) | unseen d_obj +0.00000 (EM 0.3788)
T=0.7                      | transfer d_obj -0.00064 (EM 0.9496) | complete d_obj -0.00076 (EM 0.9349) | wug d_obj -0.00320 (EM 0.4640) | unseen d_obj +0.00009 (EM 0.3789)
T=1.5                      | transfer d_obj +0.00021 (EM 0.9506) | complete d_obj -0.00139 (EM 0.9343) | wug d_obj -0.00530 (EM 0.4619) | unseen d_obj +0.00051 (EM 0.3793)
K=600s6                    | transfer d_obj +0.00092 (EM 0.9513) | complete d_obj +0.00186 (EM 0.9377) | wug d_obj +0.00168 (EM 0.4694) | unseen d_obj +0.00038 (EM 0.3792)
K=600s6 mu=0.6             | transfer d_obj +0.00210 (EM 0.9526) | complete d_obj +0.00261 (EM 0.9386) | wug d_obj +0.00283 (EM 0.4706) | unseen d_obj +0.00654 (EM 0.3859)
K=600s6 per-row mu=0.6     | transfer d_obj +0.00210 (EM 0.9526) | complete d_obj +0.00261 (EM 0.9386) | wug d_obj +0.00151 (EM 0.4692) | unseen d_obj +0.01438 (EM 0.3944)

=== STAGE A: K x joint x lam (T=1,sum,hard)
transfer  base obj 0.95297 (EM 0.9503) -> best obj 0.95432 (EM 0.9518 CER 0.0227) d_obj=+0.00135 cfg={'K': '600s6', 'lam': 6}
     0.95432 EM 0.9518 CER 0.0227 {'K': '600s6', 'lam': 6}
     0.95432 EM 0.9518 CER 0.0227 {'K': '600s6', 'lam': 6, 'joint': False}
     0.95425 EM 0.9517 CER 0.0227 {'K': '600s6', 'lam': 10, 'joint': False}
     0.95425 EM 0.9517 CER 0.0227 {'K': '600s6', 'lam': 10}
     0.95425 EM 0.9517 CER 0.0228 {'K': '600s6', 'lam': 4}
     0.95425 EM 0.9517 CER 0.0228 {'K': '600s6', 'lam': 4, 'joint': False}
complete  base obj 0.93975 (EM 0.9357) -> best obj 0.94193 (EM 0.9381 CER 0.0233) d_obj=+0.00218 cfg={'K': '600s6', 'lam': 3}
     0.94193 EM 0.9381 CER 0.0233 {'K': '600s6', 'lam': 3}
     0.94193 EM 0.9381 CER 0.0233 {'K': '600s6', 'lam': 3, 'joint': False}
     0.94193 EM 0.9381 CER 0.0233 {'K': '600s6', 'lam': 4}
     0.94193 EM 0.9381 CER 0.0233 {'K': '600s6', 'lam': 4, 'joint': False}
     0.94161 EM 0.9377 CER 0.0235 {'K': '600s6'}
     0.94161 EM 0.9377 CER 0.0235 {'K': '600s6', 'joint': False}
wug       base obj 0.50645 (EM 0.4675) -> best obj 0.51086 (EM 0.4723 CER 0.1418) d_obj=+0.00442 cfg={'K': '600', 'lam': 1, 'joint': False}
     0.51086 EM 0.4723 CER 0.1418 {'K': '600', 'lam': 1, 'joint': False}
     0.51009 EM 0.4715 CER 0.1427 {'K': '600s6', 'lam': 1.5, 'joint': False}
     0.50989 EM 0.4712 CER 0.1420 {'K': '600s6', 'lam': 1, 'joint': False}
     0.50868 EM 0.4700 CER 0.1430 {'K': '600', 'lam': 1.5, 'joint': False}
     0.50862 EM 0.4698 CER 0.1422 {'lam': 1, 'joint': False}
     0.50813 EM 0.4694 CER 0.1430 {'K': '600s6'}
unseen    base obj 0.42688 (EM 0.3788) -> best obj 0.43497 (EM 0.3875 CER 0.1381) d_obj=+0.00809 cfg={'K': '600s6', 'joint': False}
     0.43497 EM 0.3875 CER 0.1381 {'K': '600s6', 'joint': False}
     0.43344 EM 0.3859 CER 0.1385 {'K': '600', 'joint': False}
     0.43114 EM 0.3834 CER 0.1389 {'joint': False}
     0.43011 EM 0.3822 CER 0.1391 {'K': '600', 'lam': 4}
     0.42999 EM 0.3821 CER 0.1390 {'K': '600s6', 'lam': 3, 'joint': False}
     0.42999 EM 0.3821 CER 0.1391 {'K': '600s6', 'lam': 6}

=== STAGE B: temperature x lam
transfer  base obj 0.95432 (EM 0.9518) -> best obj 0.95432 (EM 0.9518 CER 0.0227) d_obj=+0.00000 cfg={'K': '600s6', 'lam': 3, 'T': 3.0}
     0.95432 EM 0.9518 CER 0.0227 {'K': '600s6', 'lam': 3, 'T': 3.0}
     0.95432 EM 0.9518 CER 0.0227 {'K': '600s6', 'lam': 6, 'T': 1.5}
     0.95432 EM 0.9518 CER 0.0227 {'K': '600s6', 'lam': 10, 'T': 0.7}
     0.95432 EM 0.9518 CER 0.0227 {'K': '600s6', 'lam': 6, 'T': 0.7}
     0.95432 EM 0.9518 CER 0.0227 {'K': '600s6', 'lam': 10, 'T': 0.5}
     0.95432 EM 0.9518 CER 0.0227 {'K': '600s6', 'lam': 6}
complete  base obj 0.94193 (EM 0.9381) -> best obj 0.94223 (EM 0.9384 CER 0.0233) d_obj=+0.00030 cfg={'K': '600s6', 'lam': 1.5, 'T': 1.5}
     0.94223 EM 0.9384 CER 0.0233 {'K': '600s6', 'lam': 1.5, 'T': 1.5}
     0.94193 EM 0.9381 CER 0.0233 {'K': '600s6', 'lam': 3}
     0.94193 EM 0.9381 CER 0.0233 {'K': '600s6', 'lam': 4}
     0.94193 EM 0.9381 CER 0.0234 {'K': '600s6', 'lam': 4, 'T': 0.7}
     0.94193 EM 0.9381 CER 0.0234 {'K': '600s6', 'T': 1.5}
     0.94192 EM 0.9381 CER 0.0234 {'K': '600s6', 'lam': 1, 'T': 2.0}
wug       base obj 0.51086 (EM 0.4723) -> best obj 0.51086 (EM 0.4723 CER 0.1418) d_obj=+0.00000 cfg={'K': '600', 'lam': 1, 'joint': False}
     0.51086 EM 0.4723 CER 0.1418 {'K': '600', 'lam': 1, 'joint': False}
     0.51025 EM 0.4717 CER 0.1425 {'K': '600', 'joint': False, 'T': 0.7}
     0.51018 EM 0.4715 CER 0.1418 {'K': '600', 'lam': 1.5, 'joint': False, 'T': 0.5}
     0.50974 EM 0.4710 CER 0.1420 {'K': '600', 'joint': False, 'T': 0.5}
     0.50945 EM 0.4707 CER 0.1422 {'K': '600', 'lam': 1.5, 'joint': False, 'T': 0.7}
     0.50868 EM 0.4700 CER 0.1430 {'K': '600', 'lam': 1.5, 'joint': False}
unseen    base obj 0.43497 (EM 0.3875) -> best obj 0.43497 (EM 0.3875 CER 0.1381) d_obj=+0.00000 cfg={'K': '600s6', 'joint': False}
     0.43497 EM 0.3875 CER 0.1381 {'K': '600s6', 'joint': False}
     0.43270 EM 0.3850 CER 0.1383 {'K': '600s6', 'lam': 3, 'joint': False, 'T': 0.7}
     0.43200 EM 0.3843 CER 0.1391 {'K': '600s6', 'lam': 1.5, 'joint': False, 'T': 2.0}
     0.43181 EM 0.3841 CER 0.1384 {'K': '600s6', 'lam': 4, 'joint': False, 'T': 0.5}
     0.43165 EM 0.3839 CER 0.1388 {'K': '600s6', 'joint': False, 'T': 1.5}
     0.43111 EM 0.3834 CER 0.1391 {'K': '600s6', 'lam': 1.5, 'joint': False, 'T': 1.5}

=== STAGE C: mass agg x group norm x lam
transfer  base obj 0.95432 (EM 0.9518) -> best obj 0.95432 (EM 0.9518 CER 0.0227) d_obj=+0.00000 cfg={'K': '600s6', 'lam': 3, 'T': 3.0}
     0.95432 EM 0.9518 CER 0.0227 {'K': '600s6', 'lam': 3, 'T': 3.0}
     0.95432 EM 0.9518 CER 0.0227 {'K': '600s6', 'lam': 3, 'T': 3.0, 'gnorm': 'mean'}
     0.95432 EM 0.9518 CER 0.0227 {'K': '600s6', 'lam': 3, 'T': 3.0, 'gnorm': 'sqrt'}
     0.95432 EM 0.9518 CER 0.0227 {'K': '600s6', 'lam': 1.5, 'T': 3.0, 'agg': 'max'}
     0.95432 EM 0.9518 CER 0.0227 {'K': '600s6', 'lam': 1.5, 'T': 3.0, 'agg': 'max', 'gnorm': 'mean'}
     0.95432 EM 0.9518 CER 0.0227 {'K': '600s6', 'lam': 1.5, 'T': 3.0, 'agg': 'max', 'gnorm': 'sqrt'}
complete  base obj 0.94223 (EM 0.9384) -> best obj 0.94223 (EM 0.9384 CER 0.0233) d_obj=+0.00000 cfg={'K': '600s6', 'lam': 1.5, 'T': 1.5}
     0.94223 EM 0.9384 CER 0.0233 {'K': '600s6', 'lam': 1.5, 'T': 1.5}
     0.94223 EM 0.9384 CER 0.0233 {'K': '600s6', 'lam': 1.5, 'T': 1.5, 'gnorm': 'mean'}
     0.94223 EM 0.9384 CER 0.0233 {'K': '600s6', 'lam': 1.5, 'T': 1.5, 'gnorm': 'sqrt'}
     0.94193 EM 0.9381 CER 0.0234 {'K': '600s6', 'T': 1.5}
     0.94193 EM 0.9381 CER 0.0234 {'K': '600s6', 'T': 1.5, 'gnorm': 'mean'}
     0.94193 EM 0.9381 CER 0.0234 {'K': '600s6', 'T': 1.5, 'gnorm': 'sqrt'}
wug       base obj 0.51086 (EM 0.4723) -> best obj 0.51086 (EM 0.4723 CER 0.1418) d_obj=+0.00000 cfg={'K': '600', 'lam': 1, 'joint': False}
     0.51086 EM 0.4723 CER 0.1418 {'K': '600', 'lam': 1, 'joint': False}
     0.51086 EM 0.4723 CER 0.1418 {'K': '600', 'lam': 1, 'joint': False, 'gnorm': 'mean'}
     0.51086 EM 0.4723 CER 0.1418 {'K': '600', 'lam': 1, 'joint': False, 'gnorm': 'sqrt'}
     0.50974 EM 0.4710 CER 0.1420 {'K': '600', 'lam': 1, 'joint': False, 'agg': 'max'}
     0.50974 EM 0.4710 CER 0.1420 {'K': '600', 'lam': 1, 'joint': False, 'agg': 'max', 'gnorm': 'mean'}
     0.50974 EM 0.4710 CER 0.1420 {'K': '600', 'lam': 1, 'joint': False, 'agg': 'max', 'gnorm': 'sqrt'}
unseen    base obj 0.43497 (EM 0.3875) -> best obj 0.43497 (EM 0.3875 CER 0.1381) d_obj=+0.00000 cfg={'K': '600s6', 'joint': False}
     0.43497 EM 0.3875 CER 0.1381 {'K': '600s6', 'joint': False}
     0.43497 EM 0.3875 CER 0.1381 {'K': '600s6', 'joint': False, 'gnorm': 'mean'}
     0.43497 EM 0.3875 CER 0.1381 {'K': '600s6', 'joint': False, 'gnorm': 'sqrt'}
     0.43077 EM 0.3829 CER 0.1388 {'K': '600s6', 'joint': False, 'agg': 'max'}
     0.43077 EM 0.3829 CER 0.1388 {'K': '600s6', 'joint': False, 'agg': 'max', 'gnorm': 'mean'}
     0.43077 EM 0.3829 CER 0.1388 {'K': '600s6', 'joint': False, 'agg': 'max', 'gnorm': 'sqrt'}

=== STAGE C2: prior eps-mix x K(both) x lam
transfer  base obj 0.95432 (EM 0.9518) -> best obj 0.95447 (EM 0.9519 CER 0.0227) d_obj=+0.00014 cfg={'K': 'both', 'lam': 3, 'T': 3.0, 'eps': 0.2}
     0.95447 EM 0.9519 CER 0.0227 {'K': 'both', 'lam': 3, 'T': 3.0, 'eps': 0.2}
     0.95446 EM 0.9519 CER 0.0227 {'K': 'both', 'lam': 4, 'T': 3.0, 'eps': 0.2}
     0.95446 EM 0.9519 CER 0.0227 {'K': 'both', 'lam': 3, 'T': 3.0, 'eps': 0.05}
     0.95446 EM 0.9519 CER 0.0227 {'K': 'both', 'lam': 3, 'T': 3.0, 'eps': 0.1}
     0.95446 EM 0.9519 CER 0.0227 {'K': 'both', 'lam': 3, 'T': 3.0}
     0.95446 EM 0.9519 CER 0.0227 {'K': 'both', 'lam': 3, 'T': 3.0, 'eps': 0.02}
complete  base obj 0.94223 (EM 0.9384) -> best obj 0.94224 (EM 0.9384 CER 0.0233) d_obj=+0.00001 cfg={'K': '600s6', 'T': 1.5, 'eps': 0.05}
     0.94224 EM 0.9384 CER 0.0233 {'K': '600s6', 'T': 1.5, 'eps': 0.05}
     0.94224 EM 0.9384 CER 0.0233 {'K': '600s6', 'T': 1.5, 'eps': 0.1}
     0.94223 EM 0.9384 CER 0.0233 {'K': '600s6', 'T': 1.5, 'eps': 0.2}
     0.94223 EM 0.9384 CER 0.0233 {'K': '600s6', 'lam': 1.5, 'T': 1.5, 'eps': 0.05}
     0.94223 EM 0.9384 CER 0.0233 {'K': '600s6', 'lam': 1.5, 'T': 1.5}
     0.94208 EM 0.9382 CER 0.0234 {'K': '600s6', 'lam': 1.5, 'T': 1.5, 'eps': 0.1}
wug       base obj 0.51086 (EM 0.4723) -> best obj 0.51086 (EM 0.4723 CER 0.1418) d_obj=+0.00000 cfg={'K': '600', 'lam': 1, 'joint': False}
     0.51086 EM 0.4723 CER 0.1418 {'K': '600', 'lam': 1, 'joint': False}
     0.51086 EM 0.4723 CER 0.1418 {'K': '600', 'lam': 1, 'joint': False, 'eps': 0.02}
     0.51085 EM 0.4723 CER 0.1419 {'K': '600', 'lam': 1, 'joint': False, 'eps': 0.2}
     0.51067 EM 0.4721 CER 0.1424 {'K': 'both', 'lam': 1.5, 'joint': False, 'eps': 0.2}
     0.51051 EM 0.4720 CER 0.1426 {'K': '600s6', 'lam': 1.5, 'joint': False, 'eps': 0.05}
     0.51051 EM 0.4720 CER 0.1426 {'K': '600s6', 'lam': 1.5, 'joint': False, 'eps': 0.02}
unseen    base obj 0.43497 (EM 0.3875) -> best obj 0.43497 (EM 0.3875 CER 0.1381) d_obj=+0.00000 cfg={'K': '600s6', 'joint': False}
     0.43497 EM 0.3875 CER 0.1381 {'K': '600s6', 'joint': False}
     0.43395 EM 0.3864 CER 0.1384 {'K': '600s6', 'joint': False, 'eps': 0.02}
     0.43370 EM 0.3861 CER 0.1384 {'K': 'both', 'joint': False, 'eps': 0.05}
     0.43369 EM 0.3861 CER 0.1384 {'K': '600', 'joint': False, 'eps': 0.02}
     0.43357 EM 0.3860 CER 0.1384 {'K': 'both', 'joint': False}
     0.43357 EM 0.3860 CER 0.1384 {'K': 'both', 'joint': False, 'eps': 0.02}

=== STAGE D: selection rule x length prior mu
transfer  base obj 0.95447 (EM 0.9519) -> best obj 0.95570 (EM 0.9533 CER 0.0227) d_obj=+0.00124 cfg={'K': 'both', 'lam': 3, 'T': 3.0, 'mu': 0.3, 'eps': 0.2}
     0.95570 EM 0.9533 CER 0.0227 {'K': 'both', 'lam': 3, 'T': 3.0, 'mu': 0.3, 'eps': 0.2}
     0.95570 EM 0.9533 CER 0.0227 {'K': 'both', 'lam': 3, 'T': 3.0, 'sel': 'mbr_hard', 'mu': 0.3, 'eps': 0.2}
     0.95570 EM 0.9533 CER 0.0227 {'K': 'both', 'lam': 3, 'T': 3.0, 'sel': 'soft', 'mu': 0.3, 'eps': 0.2}
     0.95570 EM 0.9533 CER 0.0227 {'K': 'both', 'lam': 3, 'T': 3.0, 'sel': 'mbr', 'mu': 0.3, 'eps': 0.2}
     0.95544 EM 0.9530 CER 0.0226 {'K': 'both', 'lam': 3, 'T': 3.0, 'mu': 0.15, 'eps': 0.2}
     0.95543 EM 0.9530 CER 0.0226 {'K': 'both', 'lam': 3, 'T': 3.0, 'sel': 'soft', 'mu': 0.15, 'eps': 0.2}
complete  base obj 0.94224 (EM 0.9384) -> best obj 0.94299 (EM 0.9392 CER 0.0232) d_obj=+0.00076 cfg={'K': '600s6', 'T': 1.5, 'mu': 0.15, 'eps': 0.05}
     0.94299 EM 0.9392 CER 0.0232 {'K': '600s6', 'T': 1.5, 'mu': 0.15, 'eps': 0.05}
     0.94299 EM 0.9392 CER 0.0232 {'K': '600s6', 'T': 1.5, 'sel': 'mbr_hard', 'mu': 0.15, 'eps': 0.05}
     0.94299 EM 0.9392 CER 0.0232 {'K': '600s6', 'T': 1.5, 'mu': 0.3, 'eps': 0.05}
     0.94299 EM 0.9392 CER 0.0232 {'K': '600s6', 'T': 1.5, 'sel': 'mbr_hard', 'mu': 0.3, 'eps': 0.05}
     0.94253 EM 0.9387 CER 0.0233 {'K': '600s6', 'T': 1.5, 'sel': 'soft', 'mu': 0.15, 'eps': 0.05}
     0.94253 EM 0.9387 CER 0.0233 {'K': '600s6', 'T': 1.5, 'sel': 'mbr', 'mu': 0.15, 'eps': 0.05}
wug       base obj 0.51086 (EM 0.4723) -> best obj 0.51244 (EM 0.4740 CER 0.1412) d_obj=+0.00158 cfg={'K': '600', 'lam': 1, 'joint': False, 'mu': 1.0}
     0.51244 EM 0.4740 CER 0.1412 {'K': '600', 'lam': 1, 'joint': False, 'mu': 1.0}
     0.51244 EM 0.4740 CER 0.1412 {'K': '600', 'lam': 1, 'joint': False, 'sel': 'mbr_hard', 'mu': 1.0}
     0.51214 EM 0.4737 CER 0.1414 {'K': '600', 'lam': 1, 'joint': False, 'mu': 0.6}
     0.51214 EM 0.4737 CER 0.1414 {'K': '600', 'lam': 1, 'joint': False, 'sel': 'mbr_hard', 'mu': 0.6}
     0.51184 EM 0.4733 CER 0.1417 {'K': '600', 'lam': 1, 'joint': False, 'mu': 0.3}
     0.51184 EM 0.4733 CER 0.1417 {'K': '600', 'lam': 1, 'joint': False, 'sel': 'mbr_hard', 'mu': 0.3}
unseen    base obj 0.43497 (EM 0.3875) -> best obj 0.44126 (EM 0.3944 CER 0.1367) d_obj=+0.00629 cfg={'K': '600s6', 'joint': False, 'mu': 0.6}
     0.44126 EM 0.3944 CER 0.1367 {'K': '600s6', 'joint': False, 'mu': 0.6}
     0.44126 EM 0.3944 CER 0.1367 {'K': '600s6', 'joint': False, 'sel': 'mbr_hard', 'mu': 0.6}
     0.44037 EM 0.3934 CER 0.1369 {'K': '600s6', 'joint': False, 'mu': 1.0}
     0.44037 EM 0.3934 CER 0.1369 {'K': '600s6', 'joint': False, 'sel': 'mbr_hard', 'mu': 1.0}
     0.43999 EM 0.3930 CER 0.1369 {'K': '600s6', 'joint': False, 'mu': 0.3}
     0.43999 EM 0.3930 CER 0.1369 {'K': '600s6', 'joint': False, 'sel': 'mbr_hard', 'mu': 0.3}

=== STAGE E: same-cell class boost beta
transfer  base obj 0.95570 (EM 0.9533) -> best obj 0.95607 (EM 0.9537 CER 0.0225) d_obj=+0.00037 cfg={'K': 'both', 'lam': 3, 'T': 3.0, 'mu': 0.3, 'beta': 0.5, 'eps': 0.2}
     0.95607 EM 0.9537 CER 0.0225 {'K': 'both', 'lam': 3, 'T': 3.0, 'mu': 0.3, 'beta': 0.5, 'eps': 0.2}
     0.95570 EM 0.9533 CER 0.0227 {'K': 'both', 'lam': 3, 'T': 3.0, 'mu': 0.3, 'eps': 0.2}
     0.95474 EM 0.9522 CER 0.0227 {'K': 'both', 'lam': 3, 'T': 3.0, 'mu': 0.3, 'beta': 1, 'eps': 0.2}
     0.94776 EM 0.9447 CER 0.0244 {'K': 'both', 'lam': 3, 'T': 3.0, 'mu': 0.3, 'beta': 4, 'eps': 0.2}
     0.94776 EM 0.9447 CER 0.0244 {'K': 'both', 'lam': 3, 'T': 3.0, 'mu': 0.3, 'beta': 2, 'eps': 0.2}
complete  base obj 0.94299 (EM 0.9392) -> best obj 0.94299 (EM 0.9392 CER 0.0232) d_obj=+0.00000 cfg={'K': '600s6', 'T': 1.5, 'mu': 0.15, 'eps': 0.05}
     0.94299 EM 0.9392 CER 0.0232 {'K': '600s6', 'T': 1.5, 'mu': 0.15, 'eps': 0.05}
     0.94299 EM 0.9392 CER 0.0232 {'K': '600s6', 'T': 1.5, 'mu': 0.15, 'beta': 0.5, 'eps': 0.05}
     0.94299 EM 0.9392 CER 0.0232 {'K': '600s6', 'T': 1.5, 'mu': 0.15, 'beta': 1, 'eps': 0.05}
     0.94299 EM 0.9392 CER 0.0232 {'K': '600s6', 'T': 1.5, 'mu': 0.15, 'beta': 2, 'eps': 0.05}
     0.94299 EM 0.9392 CER 0.0232 {'K': '600s6', 'T': 1.5, 'mu': 0.15, 'beta': 4, 'eps': 0.05}
wug       base obj 0.51244 (EM 0.4740) -> best obj 0.51244 (EM 0.4740 CER 0.1412) d_obj=+0.00000 cfg={'K': '600', 'lam': 1, 'joint': False, 'mu': 1.0}
     0.51244 EM 0.4740 CER 0.1412 {'K': '600', 'lam': 1, 'joint': False, 'mu': 1.0}
     0.51244 EM 0.4740 CER 0.1412 {'K': '600', 'lam': 1, 'joint': False, 'mu': 1.0, 'beta': 0.5}
     0.51244 EM 0.4740 CER 0.1412 {'K': '600', 'lam': 1, 'joint': False, 'mu': 1.0, 'beta': 1}
     0.51244 EM 0.4740 CER 0.1412 {'K': '600', 'lam': 1, 'joint': False, 'mu': 1.0, 'beta': 2}
     0.51244 EM 0.4740 CER 0.1412 {'K': '600', 'lam': 1, 'joint': False, 'mu': 1.0, 'beta': 4}
unseen    base obj 0.44126 (EM 0.3944) -> best obj 0.44126 (EM 0.3944 CER 0.1367) d_obj=+0.00000 cfg={'K': '600s6', 'joint': False, 'mu': 0.6}
     0.44126 EM 0.3944 CER 0.1367 {'K': '600s6', 'joint': False, 'mu': 0.6}
     0.44126 EM 0.3944 CER 0.1367 {'K': '600s6', 'joint': False, 'mu': 0.6, 'beta': 0.5}
     0.44126 EM 0.3944 CER 0.1367 {'K': '600s6', 'joint': False, 'mu': 0.6, 'beta': 1}
     0.44126 EM 0.3944 CER 0.1367 {'K': '600s6', 'joint': False, 'mu': 0.6, 'beta': 2}
     0.44126 EM 0.3944 CER 0.1367 {'K': '600s6', 'joint': False, 'mu': 0.6, 'beta': 4}

=== STAGE G1: fallback when class absent from beam
transfer  base obj 0.95607 (EM 0.9537) -> best obj 0.95607 (EM 0.9537 CER 0.0225) d_obj=+0.00000 cfg={'K': 'both', 'lam': 3, 'T': 3.0, 'mu': 0.3, 'beta': 0.5, 'eps': 0.2}
     0.95607 EM 0.9537 CER 0.0225 {'K': 'both', 'lam': 3, 'T': 3.0, 'mu': 0.3, 'beta': 0.5, 'eps': 0.2}
     0.95607 EM 0.9537 CER 0.0225 {'K': 'both', 'lam': 3, 'T': 3.0, 'mu': 0.3, 'beta': 0.5, 'eps': 0.2, 'fallback': 'next'}
complete  base obj 0.94299 (EM 0.9392) -> best obj 0.94299 (EM 0.9392 CER 0.0232) d_obj=+0.00000 cfg={'K': '600s6', 'T': 1.5, 'mu': 0.15, 'eps': 0.05}
     0.94299 EM 0.9392 CER 0.0232 {'K': '600s6', 'T': 1.5, 'mu': 0.15, 'eps': 0.05}
     0.94299 EM 0.9392 CER 0.0232 {'K': '600s6', 'T': 1.5, 'mu': 0.15, 'eps': 0.05, 'fallback': 'next'}
wug       base obj 0.51244 (EM 0.4740) -> best obj 0.51244 (EM 0.4740 CER 0.1412) d_obj=+0.00000 cfg={'K': '600', 'lam': 1, 'joint': False, 'mu': 1.0}
     0.51244 EM 0.4740 CER 0.1412 {'K': '600', 'lam': 1, 'joint': False, 'mu': 1.0}
     0.51244 EM 0.4740 CER 0.1412 {'K': '600', 'lam': 1, 'joint': False, 'mu': 1.0, 'fallback': 'next'}
unseen    base obj 0.44126 (EM 0.3944) -> best obj 0.44126 (EM 0.3944 CER 0.1367) d_obj=+0.00000 cfg={'K': '600s6', 'joint': False, 'mu': 0.6}
     0.44126 EM 0.3944 CER 0.1367 {'K': '600s6', 'joint': False, 'mu': 0.6}
     0.44126 EM 0.3944 CER 0.1367 {'K': '600s6', 'joint': False, 'mu': 0.6, 'fallback': 'next'}

=== STAGE G2: per-class additive bias on class score (coordinate ascent, 2 passes)
transfer  obj 0.95607 -> 0.95635 (EM 0.9540 CER 0.0224) d_obj=+0.00028 bias=[0.5, 0.0, 1.5, 0.0, 0.0]
complete  obj 0.94299 -> 0.94438 (EM 0.9407 CER 0.0227) d_obj=+0.00139 bias=[0.0, 0.0, 0.5, 1.5, -1.0]
wug       obj 0.51244 -> 0.52003 (EM 0.4822 CER 0.1398) d_obj=+0.00759 bias=[0.0, -0.25, 0.25, 0.5, 0.0]
unseen    obj 0.44126 -> 0.44126 (EM 0.3944 CER 0.1367) d_obj=+0.00000 bias=[0.0, 0.0, 0.0, 0.0, -1.5]

=== STAGE F: per-POS lam
transfer  base obj 0.95635 (EM 0.9540) -> best obj 0.95649 (EM 0.9541 CER 0.0223) d_obj=+0.00014 cfg={'K': 'both', 'lam': 3, 'T': 3.0, 'mu': 0.3, 'beta': 0.5, 'lam_pos': {'N': 2, 'V': 3, 'ADJ': 6}, 'eps': 0.2, 'bias': [0.5, 0.0, 1.5, 0.0, 0.0]}
     0.95649 EM 0.9541 CER 0.0223 {'K': 'both', 'lam': 3, 'T': 3.0, 'mu': 0.3, 'beta': 0.5, 'lam_pos': {'N': 2, 'V': 3, 'ADJ': 6}, 'eps': 0.2, 'bias': [0.5, 0.0, 1.5, 0.0, 0.0]}
     0.95649 EM 0.9541 CER 0.0224 {'K': 'both', 'lam': 3, 'T': 3.0, 'mu': 0.3, 'beta': 0.5, 'lam_pos': {'N': 3, 'V': 3, 'ADJ': 6}, 'eps': 0.2, 'bias': [0.5, 0.0, 1.5, 0.0, 0.0]}
     0.95643 EM 0.9541 CER 0.0223 {'K': 'both', 'lam': 3, 'T': 3.0, 'mu': 0.3, 'beta': 0.5, 'lam_pos': {'N': 2, 'V': 3, 'ADJ': 10}, 'eps': 0.2, 'bias': [0.5, 0.0, 1.5, 0.0, 0.0]}
     0.95642 EM 0.9541 CER 0.0223 {'K': 'both', 'lam': 3, 'T': 3.0, 'mu': 0.3, 'beta': 0.5, 'lam_pos': {'N': 3, 'V': 3, 'ADJ': 10}, 'eps': 0.2, 'bias': [0.5, 0.0, 1.5, 0.0, 0.0]}
     0.95642 EM 0.9541 CER 0.0224 {'K': 'both', 'lam': 3, 'T': 3.0, 'mu': 0.3, 'beta': 0.5, 'lam_pos': {'N': 2, 'V': 2, 'ADJ': 6}, 'eps': 0.2, 'bias': [0.5, 0.0, 1.5, 0.0, 0.0]}
     0.95642 EM 0.9541 CER 0.0224 {'K': 'both', 'lam': 3, 'T': 3.0, 'mu': 0.3, 'beta': 0.5, 'lam_pos': {'N': 3, 'V': 2, 'ADJ': 6}, 'eps': 0.2, 'bias': [0.5, 0.0, 1.5, 0.0, 0.0]}
complete  base obj 0.94438 (EM 0.9407) -> best obj 0.94438 (EM 0.9407 CER 0.0227) d_obj=+0.00000 cfg={'K': '600s6', 'T': 1.5, 'mu': 0.15, 'lam_pos': {'N': 2, 'V': 2, 'ADJ': 2}, 'eps': 0.05, 'bias': [0.0, 0.0, 0.5, 1.5, -1.0]}
     0.94438 EM 0.9407 CER 0.0227 {'K': '600s6', 'T': 1.5, 'mu': 0.15, 'lam_pos': {'N': 2, 'V': 2, 'ADJ': 2}, 'eps': 0.05, 'bias': [0.0, 0.0, 0.5, 1.5, -1.0]}
     0.94423 EM 0.9406 CER 0.0227 {'K': '600s6', 'T': 1.5, 'mu': 0.15, 'lam_pos': {'N': 2, 'V': 4, 'ADJ': 2}, 'eps': 0.05, 'bias': [0.0, 0.0, 0.5, 1.5, -1.0]}
     0.94423 EM 0.9406 CER 0.0228 {'K': '600s6', 'T': 1.5, 'mu': 0.15, 'lam_pos': {'N': 2, 'V': 3, 'ADJ': 2}, 'eps': 0.05, 'bias': [0.0, 0.0, 0.5, 1.5, -1.0]}
     0.94423 EM 0.9406 CER 0.0228 {'K': '600s6', 'T': 1.5, 'mu': 0.15, 'lam_pos': {'N': 2, 'V': 2, 'ADJ': 10}, 'eps': 0.05, 'bias': [0.0, 0.0, 0.5, 1.5, -1.0]}
     0.94423 EM 0.9406 CER 0.0228 {'K': '600s6', 'T': 1.5, 'mu': 0.15, 'lam_pos': {'N': 2, 'V': 1.5, 'ADJ': 2}, 'eps': 0.05, 'bias': [0.0, 0.0, 0.5, 1.5, -1.0]}
     0.94423 EM 0.9406 CER 0.0228 {'K': '600s6', 'T': 1.5, 'mu': 0.15, 'lam_pos': {'N': 2, 'V': 2, 'ADJ': 3}, 'eps': 0.05, 'bias': [0.0, 0.0, 0.5, 1.5, -1.0]}
wug       base obj 0.52003 (EM 0.4822) -> best obj 0.52003 (EM 0.4822 CER 0.1398) d_obj=+0.00000 cfg={'K': '600', 'lam': 1, 'joint': False, 'mu': 1.0, 'lam_pos': {'N': 1, 'V': 1}, 'bias': [0.0, -0.25, 0.25, 0.5, 0.0]}
     0.52003 EM 0.4822 CER 0.1398 {'K': '600', 'lam': 1, 'joint': False, 'mu': 1.0, 'lam_pos': {'N': 1, 'V': 1}, 'bias': [0.0, -0.25, 0.25, 0.5, 0.0]}
     0.51989 EM 0.4821 CER 0.1398 {'K': '600', 'lam': 1, 'joint': False, 'mu': 1.0, 'lam_pos': {'N': 1, 'V': 3}, 'bias': [0.0, -0.25, 0.25, 0.5, 0.0]}
     0.51916 EM 0.4813 CER 0.1402 {'K': '600', 'lam': 1, 'joint': False, 'mu': 1.0, 'lam_pos': {'N': 1, 'V': 1.5}, 'bias': [0.0, -0.25, 0.25, 0.5, 0.0]}
     0.51892 EM 0.4810 CER 0.1399 {'K': '600', 'lam': 1, 'joint': False, 'mu': 1.0, 'lam_pos': {'N': 1.5, 'V': 1}, 'bias': [0.0, -0.25, 0.25, 0.5, 0.0]}
     0.51877 EM 0.4809 CER 0.1399 {'K': '600', 'lam': 1, 'joint': False, 'mu': 1.0, 'lam_pos': {'N': 1.5, 'V': 3}, 'bias': [0.0, -0.25, 0.25, 0.5, 0.0]}
     0.51876 EM 0.4809 CER 0.1401 {'K': '600', 'lam': 1, 'joint': False, 'mu': 1.0, 'lam_pos': {'N': 1, 'V': 6}, 'bias': [0.0, -0.25, 0.25, 0.5, 0.0]}
unseen    base obj 0.44126 (EM 0.3944) -> best obj 0.44126 (EM 0.3944 CER 0.1367) d_obj=+0.00000 cfg={'K': '600s6', 'joint': False, 'mu': 0.6, 'lam_pos': {'ADJ': 2}, 'bias': [0.0, 0.0, 0.0, 0.0, -1.5]}
     0.44126 EM 0.3944 CER 0.1367 {'K': '600s6', 'joint': False, 'mu': 0.6, 'lam_pos': {'ADJ': 2}, 'bias': [0.0, 0.0, 0.0, 0.0, -1.5]}
     0.43589 EM 0.3885 CER 0.1377 {'K': '600s6', 'joint': False, 'mu': 0.6, 'lam_pos': {'ADJ': 3}, 'bias': [0.0, 0.0, 0.0, 0.0, -1.5]}
     0.43418 EM 0.3867 CER 0.1386 {'K': '600s6', 'joint': False, 'mu': 0.6, 'lam_pos': {'ADJ': 1.5}, 'bias': [0.0, 0.0, 0.0, 0.0, -1.5]}
     0.43412 EM 0.3866 CER 0.1379 {'K': '600s6', 'joint': False, 'mu': 0.6, 'lam_pos': {'ADJ': 4}, 'bias': [0.0, 0.0, 0.0, 0.0, -1.5]}
     0.43322 EM 0.3856 CER 0.1381 {'K': '600s6', 'joint': False, 'mu': 0.6, 'lam_pos': {'ADJ': 6}, 'bias': [0.0, 0.0, 0.0, 0.0, -1.5]}
     0.43298 EM 0.3855 CER 0.1392 {'K': '600s6', 'joint': False, 'mu': 0.6, 'lam_pos': {'ADJ': 1}, 'bias': [0.0, 0.0, 0.0, 0.0, -1.5]}
FINAL (all stages, in-sample)                score 0.64950 | transfer: EM 0.9541 CER 0.0223 complete: EM 0.9407 CER 0.0227 wug: EM 0.4822 CER 0.1398 unseen: EM 0.3944 CER 0.1367
FINAL without class bias and per-POS lam     score 0.64612 | transfer: EM 0.9537 CER 0.0225 complete: EM 0.9392 CER 0.0232 wug: EM 0.4740 CER 0.1412 unseen: EM 0.3944 CER 0.1367
FINAL without per-POS lam                    score 0.64948 | transfer: EM 0.9540 CER 0.0224 complete: EM 0.9407 CER 0.0227 wug: EM 0.4822 CER 0.1398 unseen: EM 0.3944 CER 0.1367

=== BOOTSTRAP over lemmas (1000 resamples) of IN-SAMPLE delta obj (final - baseline); optimistic
nobias  transfer  d_obj +0.00310  95% CI [+0.00141, +0.00472]  lemmas=8973
nobias  complete  d_obj +0.00324  95% CI [+0.00090, +0.00574]  lemmas=5030
nobias  wug       d_obj +0.00599  95% CI [+0.00008, +0.01171]  lemmas=500
nobias  unseen    d_obj +0.01438  95% CI [+0.00719, +0.02218]  lemmas=250
final   transfer  d_obj +0.00352  95% CI [+0.00201, +0.00513]  lemmas=8973
final   complete  d_obj +0.00463  95% CI [+0.00205, +0.00699]  lemmas=5030
final   wug       d_obj +0.01358  95% CI [+0.00051, +0.02875]  lemmas=500
final   unseen    d_obj +0.01438  95% CI [+0.00711, +0.02286]  lemmas=250

=== 2-FOLD LEMMA CV of the ENTIRE staged procedure (select on one lemma-half, score on the other); honest estimate
fold 0 selected (final): transfer: {'K': '600s6', 'lam': 3, 'T': 3.0, 'mu': 0.3, 'beta': 0.5, 'lam_pos': {'N': 3, 'V': 4, 'ADJ': 10}, 'eps': 0.2, 'bias': [-1.0, 0.0, 0.5, 0.0, -0.5]}; complete: {'K': '600s6', 'T': 1.5, 'mu': 0.3, 'lam_pos': {'N': 3, 'V': 1.5, 'ADJ': 2}, 'bias': [-0.5, -0.5, 0.0, 1.5, 0.0]}; wug: {'K': 'both', 'joint': False, 'T': 0.7, 'agg': 'max', 'mu': 0.6, 'lam_pos': {'N': 2, 'V': 3}, 'eps': 0.2, 'bias': [0.0, 0.0, 0.0, 0.5, 0.0]}; unseen: {'joint': False, 'sel': 'soft', 'mu': 0.3, 'eps': 0.2, 'bias': [0.0, 0.0, 0.0, 0.0, 0.0]}
fold 0 selected (nobias): transfer: {'K': '600s6', 'lam': 3, 'T': 3.0, 'mu': 0.3, 'beta': 0.5, 'eps': 0.2}; complete: {'K': '600s6', 'T': 1.5, 'mu': 0.3}; wug: {'K': 'both', 'joint': False, 'T': 0.7, 'agg': 'max', 'mu': 0.6, 'eps': 0.2}; unseen: {'joint': False, 'sel': 'soft', 'mu': 0.3, 'eps': 0.2}
fold 1 selected (final): transfer: {'K': 'both', 'lam': 10, 'T': 0.7, 'gnorm': 'mean', 'sel': 'soft', 'mu': 1.0, 'beta': 2, 'lam_pos': {'N': 6, 'V': 6, 'ADJ': 10}, 'bias': [-1.5, 1.5, 0.0, 0.0, 0.0]}; complete: {'K': '600s6', 'lam': 1, 'T': 2.0, 'mu': 0.3, 'lam_pos': {'N': 1, 'V': 3, 'ADJ': 1}, 'bias': [0.0, 0.0, 0.25, 1.5, 1.0]}; wug: {'K': '600', 'lam': 1.5, 'gnorm': 'sqrt', 'mu': 1.0, 'lam_pos': {'N': 1, 'V': 4}, 'eps': 0.05, 'bias': [0.0, 0.0, 0.5, 1.5, 0.0]}; unseen: {'K': '600s6', 'joint': False, 'mu': 1.0, 'bias': [0.0, 0.0, 0.0, 0.0, -1.5]}
fold 1 selected (nobias): transfer: {'K': 'both', 'lam': 10, 'T': 0.7, 'gnorm': 'mean', 'sel': 'soft', 'mu': 1.0, 'beta': 2}; complete: {'K': '600s6', 'lam': 1, 'T': 2.0, 'mu': 0.3}; wug: {'K': '600', 'lam': 1.5, 'gnorm': 'sqrt', 'mu': 1.0, 'eps': 0.05}; unseen: {'K': '600s6', 'joint': False, 'mu': 1.0}

Out-of-fold delta obj vs baseline (rows weighted like the test; LB-score delta = sum_seg share * d_obj):
after A       | transfer +0.00106 [+0.00029,+0.00195] | complete +0.00218 [+0.00016,+0.00473] | wug -0.00075 [-0.00636,+0.00477] | unseen +0.00809 [+0.00116,+0.01466] | est. score delta +0.00237
after D       | transfer +0.00259 [+0.00131,+0.00387] | complete +0.00231 [-0.00030,+0.00521] | wug +0.00071 [-0.00438,+0.00629] | unseen +0.01041 [+0.00342,+0.01811] | est. score delta +0.00377
after nobias  | transfer +0.00281 [+0.00123,+0.00442] | complete +0.00231 [-0.00000,+0.00515] | wug +0.00071 [-0.00481,+0.00613] | unseen +0.01041 [+0.00400,+0.01825] | est. score delta +0.00380
after G2      | transfer +0.00303 [+0.00150,+0.00456] | complete +0.00324 [+0.00079,+0.00605] | wug -0.00078 [-0.01074,+0.00872] | unseen +0.01041 [+0.00284,+0.01835] | est. score delta +0.00343
after final   | transfer +0.00303 [+0.00131,+0.00460] | complete +0.00308 [+0.00070,+0.00584] | wug -0.00332 [-0.01383,+0.00763] | unseen +0.01041 [+0.00280,+0.01822] | est. score delta +0.00239

saved results_v3_lim0.json; total time 505s
