device mps train rows 319943 {'dev_sample': 1500}
/Users/md.hamidhosen/.pyenv/versions/3.12.11/lib/python3.12/site-packages/torch/nn/modules/transformer.py:145: UserWarning: enable_nested_tensor is True, but self.use_nested_tensor is False because encoder_layer.norm_first was True
  self.encoder = TransformerEncoder(
params 4.9M steps/epoch 2499
/Users/md.hamidhosen/.pyenv/versions/3.12.11/lib/python3.12/site-packages/torch/nn/modules/activation.py:1337: UserWarning: Support for mismatched key_padding_mask and attn_mask is deprecated. Use same type for both instead.
  key_padding_mask = F._canonical_mask(
ep 0 step 200/2499 loss 3.7572 170s
ep 0 step 400/2499 loss 3.0965 396s
ep 0 step 600/2499 loss 2.7361 621s
ep 0 step 800/2499 loss 2.4658 859s
ep 0 step 1000/2499 loss 2.2582 1157s
ep 0 step 1200/2499 loss 2.0951 1663s
ep 0 step 1400/2499 loss 1.9672 1950s
ep 0 step 1600/2499 loss 1.8587 2229s
ep 0 step 1800/2499 loss 1.7640 2502s
ep 0 step 2000/2499 loss 1.6821 2782s
ep 0 step 2200/2499 loss 1.6098 3095s
ep 0 step 2400/2499 loss 1.5451 3406s
=== epoch 0 loss 1.5169 time 3574s  (oracle-class EM, paradigm-class EM): {'dev_sample': (0.43, 0.422)}
ep 1 step 2600/2499 loss 0.7941 203s
ep 1 step 2800/2499 loss 0.7756 502s
ep 1 step 3000/2499 loss 0.7664 802s
ep 1 step 3200/2499 loss 0.7515 1094s
ep 1 step 3400/2499 loss 0.7411 1356s
ep 1 step 3600/2499 loss 0.7285 1643s
ep 1 step 3800/2499 loss 0.7184 1902s
ep 1 step 4000/2499 loss 0.7078 2190s
ep 1 step 4200/2499 loss 0.6988 2480s
ep 1 step 4400/2499 loss 0.6908 2774s
ep 1 step 4600/2499 loss 0.6815 3084s
ep 1 step 4800/2499 loss 0.6734 3302s
=== epoch 1 loss 0.6665 time 3543s  (oracle-class EM, paradigm-class EM): {'dev_sample': (0.818, 0.798)}
ep 2 step 5000/2499 loss 0.5349 5s
ep 2 step 5200/2499 loss 0.5817 260s
ep 2 step 5400/2499 loss 0.5756 518s
ep 2 step 5600/2499 loss 0.5715 788s
ep 2 step 5800/2499 loss 0.5674 1035s
ep 2 step 6000/2499 loss 0.5635 1324s
ep 2 step 6200/2499 loss 0.5612 1557s
ep 2 step 6400/2499 loss 0.5588 1821s
ep 2 step 6600/2499 loss 0.5561 2076s
ep 2 step 6800/2499 loss 0.5544 2320s
ep 2 step 7000/2499 loss 0.5515 2540s
ep 2 step 7200/2499 loss 0.5498 2807s
ep 2 step 7400/2499 loss 0.5484 3096s
=== epoch 2 loss 0.5475 time 3230s  (oracle-class EM, paradigm-class EM): {'dev_sample': (0.9, 0.8787)}
ep 3 step 7600/2499 loss 0.5191 139s
ep 3 step 7800/2499 loss 0.5243 388s
ep 3 step 8000/2499 loss 0.5236 650s
ep 3 step 8200/2499 loss 0.5213 904s
ep 3 step 8400/2499 loss 0.5197 1182s
ep 3 step 8600/2499 loss 0.5183 1422s
ep 3 step 8800/2499 loss 0.5168 1709s
ep 3 step 9000/2499 loss 0.5156 1988s
ep 3 step 9200/2499 loss 0.5145 2227s
ep 3 step 9400/2499 loss 0.5134 2492s
ep 3 step 9600/2499 loss 0.5123 2776s
ep 3 step 9800/2499 loss 0.5115 3046s
=== epoch 3 loss 0.5103 time 3317s  (oracle-class EM, paradigm-class EM): {'dev_sample': (0.932, 0.91)}
ep 4 step 10000/2499 loss 0.4751 9s
ep 4 step 10200/2499 loss 0.4943 303s
ep 4 step 10400/2499 loss 0.4967 609s
ep 4 step 10600/2499 loss 0.4958 901s
ep 4 step 10800/2499 loss 0.4947 1174s
ep 4 step 11000/2499 loss 0.4946 1468s
ep 4 step 11200/2499 loss 0.4941 1753s
ep 4 step 11400/2499 loss 0.4937 2035s
ep 4 step 11600/2499 loss 0.4927 2299s
ep 4 step 11800/2499 loss 0.4925 2590s
ep 4 step 12000/2499 loss 0.4926 2976s
ep 4 step 12200/2499 loss 0.4924 3483s
ep 4 step 12400/2499 loss 0.4917 3782s
=== epoch 4 loss 0.4917 time 3928s  (oracle-class EM, paradigm-class EM): {'dev_sample': (0.9613, 0.9373)}
ep 5 step 12600/2499 loss 0.4814 176s
ep 5 step 12800/2499 loss 0.4838 485s
ep 5 step 13000/2499 loss 0.4835 806s
ep 5 step 13200/2499 loss 0.4836 1080s
ep 5 step 13400/2499 loss 0.4842 1337s
ep 5 step 13600/2499 loss 0.4832 1619s
ep 5 step 13800/2499 loss 0.4827 1867s
ep 5 step 14000/2499 loss 0.4823 1981s
ep 5 step 14200/2499 loss 0.4821 2091s
ep 5 step 14400/2499 loss 0.4821 2197s
ep 5 step 14600/2499 loss 0.4816 2298s
ep 5 step 14800/2499 loss 0.4816 2399s
=== epoch 5 loss 0.4817 time 2508s  (oracle-class EM, paradigm-class EM): {'dev_sample': (0.972, 0.9487)}
ep 6 step 15000/2499 loss 0.4800 3s
ep 6 step 15200/2499 loss 0.4788 102s
ep 6 step 15400/2499 loss 0.4753 208s
ep 6 step 15600/2499 loss 0.4777 311s
ep 6 step 15800/2499 loss 0.4779 409s
ep 6 step 16000/2499 loss 0.4775 511s
ep 6 step 16200/2499 loss 0.4772 613s
ep 6 step 16400/2499 loss 0.4768 717s
ep 6 step 16600/2499 loss 0.4769 895s
ep 6 step 16800/2499 loss 0.4765 1188s
ep 6 step 17000/2499 loss 0.4765 1424s
ep 6 step 17200/2499 loss 0.4762 2354s
ep 6 step 17400/2499 loss 0.4759 2576s
=== epoch 6 loss 0.4761 time 2718s  (oracle-class EM, paradigm-class EM): {'dev_sample': (0.974, 0.9507)}
ep 7 step 17600/2499 loss 0.4733 699s
ep 7 step 17800/2499 loss 0.4725 1101s
ep 7 step 18000/2499 loss 0.4722 1374s
ep 7 step 18200/2499 loss 0.4739 1596s
ep 7 step 18400/2499 loss 0.4744 1813s
ep 7 step 18600/2499 loss 0.4742 2021s
ep 7 step 18800/2499 loss 0.4746 2250s
ep 7 step 19000/2499 loss 0.4743 2463s
ep 7 step 19200/2499 loss 0.4746 2680s
ep 7 step 19400/2499 loss 0.4744 2888s
ep 7 step 19600/2499 loss 0.4745 3080s
ep 7 step 19800/2499 loss 0.4743 3292s
=== epoch 7 loss 0.4741 time 3535s  (oracle-class EM, paradigm-class EM): {'dev_sample': (0.974, 0.9507)}
DONE
