device mps train rows 319943 {'dev_sample': 1500}
/Users/md.hamidhosen/.pyenv/versions/3.12.11/lib/python3.12/site-packages/torch/nn/modules/transformer.py:145: UserWarning: enable_nested_tensor is True, but self.use_nested_tensor is False because encoder_layer.norm_first was True
  self.encoder = TransformerEncoder(
params 10.4M steps/epoch 2499
/Users/md.hamidhosen/.pyenv/versions/3.12.11/lib/python3.12/site-packages/torch/nn/modules/activation.py:1337: UserWarning: Support for mismatched key_padding_mask and attn_mask is deprecated. Use same type for both instead.
  key_padding_mask = F._canonical_mask(
ep 0 step 200/2499 loss 3.5342 109s
ep 0 step 400/2499 loss 2.8766 229s
ep 0 step 600/2499 loss 2.5032 372s
ep 0 step 800/2499 loss 2.2376 513s
ep 0 step 1000/2499 loss 2.0434 650s
ep 0 step 1200/2499 loss 1.8984 785s
ep 0 step 1400/2499 loss 1.7808 933s
ep 0 step 1600/2499 loss 1.6832 1091s
ep 0 step 1800/2499 loss 1.5967 1248s
ep 0 step 2000/2499 loss 1.5220 1408s
ep 0 step 2200/2499 loss 1.4570 1537s
ep 0 step 2400/2499 loss 1.3990 1683s
=== epoch 0 loss 1.3729 time 1788s  (oracle-class EM, paradigm-class EM): {'dev_sample': (0.548, 0.5347)}
ep 1 step 2600/2499 loss 0.7070 81s
ep 1 step 2800/2499 loss 0.7024 256s
ep 1 step 3000/2499 loss 0.6877 434s
ep 1 step 3200/2499 loss 0.6751 608s
ep 1 step 3400/2499 loss 0.6646 770s
ep 1 step 3600/2499 loss 0.6542 886s
ep 1 step 3800/2499 loss 0.6455 1007s
ep 1 step 4000/2499 loss 0.6378 1119s
ep 1 step 4200/2499 loss 0.6309 1229s
ep 1 step 4400/2499 loss 0.6258 1348s
ep 1 step 4600/2499 loss 0.6193 1461s
ep 1 step 4800/2499 loss 0.6141 1577s
=== epoch 1 loss 0.6090 time 1701s  (oracle-class EM, paradigm-class EM): {'dev_sample': (0.8707, 0.848)}
ep 2 step 5000/2499 loss 0.5428 1s
ep 2 step 5200/2499 loss 0.5378 116s
ep 2 step 5400/2499 loss 0.5396 230s
ep 2 step 5600/2499 loss 0.5363 345s
ep 2 step 5800/2499 loss 0.5358 464s
ep 2 step 6000/2499 loss 0.5329 626s
ep 2 step 6200/2499 loss 0.5304 743s
ep 2 step 6400/2499 loss 0.5283 858s
ep 2 step 6600/2499 loss 0.5265 972s
ep 2 step 6800/2499 loss 0.5250 1084s
ep 2 step 7000/2499 loss 0.5231 1200s
ep 2 step 7200/2499 loss 0.5220 1317s
ep 2 step 7400/2499 loss 0.5202 1433s
=== epoch 2 loss 0.5196 time 1500s  (oracle-class EM, paradigm-class EM): {'dev_sample': (0.91, 0.8887)}
ep 3 step 7600/2499 loss 0.4995 59s
ep 3 step 7800/2499 loss 0.4999 173s
ep 3 step 8000/2499 loss 0.5000 290s
ep 3 step 8200/2499 loss 0.4987 407s
ep 3 step 8400/2499 loss 0.4974 521s
ep 3 step 8600/2499 loss 0.4963 640s
ep 3 step 8800/2499 loss 0.4955 768s
ep 3 step 9000/2499 loss 0.4947 912s
ep 3 step 9200/2499 loss 0.4943 1024s
ep 3 step 9400/2499 loss 0.4941 1138s
ep 3 step 9600/2499 loss 0.4937 1255s
ep 3 step 9800/2499 loss 0.4930 1371s
=== epoch 3 loss 0.4924 time 1497s  (oracle-class EM, paradigm-class EM): {'dev_sample': (0.9567, 0.9327)}
ep 4 step 10000/2499 loss 0.4758 2s
ep 4 step 10200/2499 loss 0.4794 119s
ep 4 step 10400/2499 loss 0.4807 239s
ep 4 step 10600/2499 loss 0.4822 353s
ep 4 step 10800/2499 loss 0.4826 463s
ep 4 step 11000/2499 loss 0.4816 579s
ep 4 step 11200/2499 loss 0.4810 696s
ep 4 step 11400/2499 loss 0.4807 808s
ep 4 step 11600/2499 loss 0.4805 918s
ep 4 step 11800/2499 loss 0.4802 1031s
ep 4 step 12000/2499 loss 0.4799 1144s
ep 4 step 12200/2499 loss 0.4799 1259s
ep 4 step 12400/2499 loss 0.4796 1374s
=== epoch 4 loss 0.4793 time 1455s  (oracle-class EM, paradigm-class EM): {'dev_sample': (0.9667, 0.944)}
ep 5 step 12600/2499 loss 0.4730 60s
ep 5 step 12800/2499 loss 0.4731 171s
ep 5 step 13000/2499 loss 0.4726 279s
ep 5 step 13200/2499 loss 0.4728 438s
ep 5 step 13400/2499 loss 0.4742 624s
ep 5 step 13600/2499 loss 0.4728 818s
ep 5 step 13800/2499 loss 0.4728 1031s
ep 5 step 14000/2499 loss 0.4726 1216s
ep 5 step 14200/2499 loss 0.4727 1404s
ep 5 step 14400/2499 loss 0.4725 1615s
ep 5 step 14600/2499 loss 0.4724 1838s
ep 5 step 14800/2499 loss 0.4720 2037s
=== epoch 5 loss 0.4719 time 2241s  (oracle-class EM, paradigm-class EM): {'dev_sample': (0.97, 0.9453)}
ep 6 step 15000/2499 loss 0.4721 8s
ep 6 step 15200/2499 loss 0.4691 208s
ep 6 step 15400/2499 loss 0.4687 460s
ep 6 step 15600/2499 loss 0.4689 714s
ep 6 step 15800/2499 loss 0.4687 985s
ep 6 step 16000/2499 loss 0.4683 1316s
ep 6 step 16200/2499 loss 0.4682 1598s
ep 6 step 16400/2499 loss 0.4682 1892s
ep 6 step 16600/2499 loss 0.4677 2174s
ep 6 step 16800/2499 loss 0.4678 2457s
ep 6 step 17000/2499 loss 0.4676 2735s
ep 6 step 17200/2499 loss 0.4676 3001s
ep 6 step 17400/2499 loss 0.4674 3271s
=== epoch 6 loss 0.4675 time 3425s  (oracle-class EM, paradigm-class EM): {'dev_sample': (0.976, 0.952)}
ep 7 step 17600/2499 loss 0.4637 259s
ep 7 step 17800/2499 loss 0.4642 570s
ep 7 step 18000/2499 loss 0.4640 862s
ep 7 step 18200/2499 loss 0.4644 1115s
ep 7 step 18400/2499 loss 0.4650 1448s
ep 7 step 18600/2499 loss 0.4651 1755s
ep 7 step 18800/2499 loss 0.4651 2073s
ep 7 step 19000/2499 loss 0.4648 2353s
ep 7 step 19200/2499 loss 0.4646 2644s
ep 7 step 19400/2499 loss 0.4649 3122s
ep 7 step 19600/2499 loss 0.4649 3527s
ep 7 step 19800/2499 loss 0.4647 3648s
=== epoch 7 loss 0.4647 time 3772s  (oracle-class EM, paradigm-class EM): {'dev_sample': (0.9767, 0.9527)}
ep 8 step 20000/2499 loss 0.4677 4s
ep 8 step 20200/2499 loss 0.4632 120s
ep 8 step 20400/2499 loss 0.4637 233s
ep 8 step 20600/2499 loss 0.4634 347s
ep 8 step 20800/2499 loss 0.4636 458s
ep 8 step 21000/2499 loss 0.4635 575s
ep 8 step 21200/2499 loss 0.4633 696s
ep 8 step 21400/2499 loss 0.4633 830s
ep 8 step 21600/2499 loss 0.4634 942s
ep 8 step 21800/2499 loss 0.4637 1053s
ep 8 step 22000/2499 loss 0.4639 1208s
ep 8 step 22200/2499 loss 0.4637 1360s
ep 8 step 22400/2499 loss 0.4634 1499s
=== epoch 8 loss 0.4635 time 1563s  (oracle-class EM, paradigm-class EM): {'dev_sample': (0.9767, 0.9527)}
DONE
