device mps train rows 319943 {'dev_sample': 1500}
/Users/md.hamidhosen/.pyenv/versions/3.12.11/lib/python3.12/site-packages/torch/nn/modules/transformer.py:145: UserWarning: enable_nested_tensor is True, but self.use_nested_tensor is False because encoder_layer.norm_first was True
  self.encoder = TransformerEncoder(
params 4.9M steps/epoch 2499
/Users/md.hamidhosen/.pyenv/versions/3.12.11/lib/python3.12/site-packages/torch/nn/modules/activation.py:1337: UserWarning: Support for mismatched key_padding_mask and attn_mask is deprecated. Use same type for both instead.
  key_padding_mask = F._canonical_mask(
ep 0 step 200/2499 loss 3.7270 69s
ep 0 step 400/2499 loss 3.0745 143s
ep 0 step 600/2499 loss 2.7102 218s
ep 0 step 800/2499 loss 2.4455 287s
ep 0 step 1000/2499 loss 2.2394 349s
ep 0 step 1200/2499 loss 2.0772 409s
ep 0 step 1400/2499 loss 1.9470 470s
ep 0 step 1600/2499 loss 1.8361 530s
ep 0 step 1800/2499 loss 1.7396 590s
ep 0 step 2000/2499 loss 1.6570 650s
ep 0 step 2200/2499 loss 1.5832 710s
ep 0 step 2400/2499 loss 1.5188 769s
=== epoch 0 loss 1.4898 time 805s  (oracle-class EM, paradigm-class EM): {'dev_sample': (0.5207, 0.504)}
ep 1 step 2600/2499 loss 0.7818 31s
ep 1 step 2800/2499 loss 0.7525 90s
ep 1 step 3000/2499 loss 0.7415 151s
ep 1 step 3200/2499 loss 0.7268 210s
ep 1 step 3400/2499 loss 0.7150 271s
ep 1 step 3600/2499 loss 0.7039 331s
ep 1 step 3800/2499 loss 0.6943 392s
ep 1 step 4000/2499 loss 0.6851 453s
ep 1 step 4200/2499 loss 0.6764 513s
ep 1 step 4400/2499 loss 0.6682 573s
ep 1 step 4600/2499 loss 0.6614 633s
ep 1 step 4800/2499 loss 0.6545 694s
=== epoch 1 loss 0.6484 time 759s  (oracle-class EM, paradigm-class EM): {'dev_sample': (0.8073, 0.7887)}
ep 2 step 5000/2499 loss 0.5624 1s
ep 2 step 5200/2499 loss 0.5717 62s
ep 2 step 5400/2499 loss 0.5682 123s
ep 2 step 5600/2499 loss 0.5647 182s
ep 2 step 5800/2499 loss 0.5614 242s
ep 2 step 6000/2499 loss 0.5586 302s
ep 2 step 6200/2499 loss 0.5561 363s
ep 2 step 6400/2499 loss 0.5531 423s
ep 2 step 6600/2499 loss 0.5506 483s
ep 2 step 6800/2499 loss 0.5484 543s
ep 2 step 7000/2499 loss 0.5460 603s
ep 2 step 7200/2499 loss 0.5444 663s
ep 2 step 7400/2499 loss 0.5424 722s
=== epoch 2 loss 0.5415 time 757s  (oracle-class EM, paradigm-class EM): {'dev_sample': (0.8927, 0.8713)}
ep 3 step 7600/2499 loss 0.5212 31s
ep 3 step 7800/2499 loss 0.5155 91s
ep 3 step 8000/2499 loss 0.5146 152s
ep 3 step 8200/2499 loss 0.5144 212s
ep 3 step 8400/2499 loss 0.5127 281s
ep 3 step 8600/2499 loss 0.5117 356s
ep 3 step 8800/2499 loss 0.5111 428s
ep 3 step 9000/2499 loss 0.5103 491s
ep 3 step 9200/2499 loss 0.5099 551s
ep 3 step 9400/2499 loss 0.5086 612s
ep 3 step 9600/2499 loss 0.5076 673s
ep 3 step 9800/2499 loss 0.5068 744s
=== epoch 3 loss 0.5056 time 825s  (oracle-class EM, paradigm-class EM): {'dev_sample': (0.9467, 0.924)}
ep 4 step 10000/2499 loss 0.4698 1s
ep 4 step 10200/2499 loss 0.4917 64s
ep 4 step 10400/2499 loss 0.4927 128s
ep 4 step 10600/2499 loss 0.4923 190s
ep 4 step 10800/2499 loss 0.4914 254s
ep 4 step 11000/2499 loss 0.4909 320s
ep 4 step 11200/2499 loss 0.4906 383s
ep 4 step 11400/2499 loss 0.4903 449s
ep 4 step 11600/2499 loss 0.4896 514s
ep 4 step 11800/2499 loss 0.4891 578s
ep 4 step 12000/2499 loss 0.4884 642s
ep 4 step 12200/2499 loss 0.4881 706s
ep 4 step 12400/2499 loss 0.4880 770s
=== epoch 4 loss 0.4878 time 806s  (oracle-class EM, paradigm-class EM): {'dev_sample': (0.964, 0.9413)}
ep 5 step 12600/2499 loss 0.4735 34s
ep 5 step 12800/2499 loss 0.4784 97s
ep 5 step 13000/2499 loss 0.4794 163s
ep 5 step 13200/2499 loss 0.4795 223s
ep 5 step 13400/2499 loss 0.4797 282s
ep 5 step 13600/2499 loss 0.4796 343s
ep 5 step 13800/2499 loss 0.4794 403s
ep 5 step 14000/2499 loss 0.4793 463s
ep 5 step 14200/2499 loss 0.4795 523s
ep 5 step 14400/2499 loss 0.4790 584s
ep 5 step 14600/2499 loss 0.4786 645s
ep 5 step 14800/2499 loss 0.4784 704s
=== epoch 5 loss 0.4783 time 767s  (oracle-class EM, paradigm-class EM): {'dev_sample': (0.97, 0.946)}
ep 6 step 15000/2499 loss 0.4657 2s
ep 6 step 15200/2499 loss 0.4735 62s
ep 6 step 15400/2499 loss 0.4730 122s
ep 6 step 15600/2499 loss 0.4732 183s
ep 6 step 15800/2499 loss 0.4736 242s
ep 6 step 16000/2499 loss 0.4739 302s
ep 6 step 16200/2499 loss 0.4740 362s
ep 6 step 16400/2499 loss 0.4740 422s
ep 6 step 16600/2499 loss 0.4740 482s
ep 6 step 16800/2499 loss 0.4736 543s
ep 6 step 17000/2499 loss 0.4734 602s
ep 6 step 17200/2499 loss 0.4732 662s
ep 6 step 17400/2499 loss 0.4730 721s
=== epoch 6 loss 0.4731 time 754s  (oracle-class EM, paradigm-class EM): {'dev_sample': (0.974, 0.9507)}
ep 7 step 17600/2499 loss 0.4721 32s
ep 7 step 17800/2499 loss 0.4705 91s
ep 7 step 18000/2499 loss 0.4712 151s
ep 7 step 18200/2499 loss 0.4701 212s
ep 7 step 18400/2499 loss 0.4702 273s
ep 7 step 18600/2499 loss 0.4699 332s
ep 7 step 18800/2499 loss 0.4700 394s
ep 7 step 19000/2499 loss 0.4699 458s
ep 7 step 19200/2499 loss 0.4697 519s
ep 7 step 19400/2499 loss 0.4696 580s
ep 7 step 19600/2499 loss 0.4695 640s
ep 7 step 19800/2499 loss 0.4692 700s
=== epoch 7 loss 0.4694 time 763s  (oracle-class EM, paradigm-class EM): {'dev_sample': (0.9773, 0.9533)}
ep 8 step 20000/2499 loss 0.4687 2s
ep 8 step 20200/2499 loss 0.4673 62s
ep 8 step 20400/2499 loss 0.4662 122s
ep 8 step 20600/2499 loss 0.4663 183s
ep 8 step 20800/2499 loss 0.4675 243s
ep 8 step 21000/2499 loss 0.4680 303s
ep 8 step 21200/2499 loss 0.4679 363s
ep 8 step 21400/2499 loss 0.4678 422s
ep 8 step 21600/2499 loss 0.4677 482s
ep 8 step 21800/2499 loss 0.4676 542s
ep 8 step 22000/2499 loss 0.4675 603s
ep 8 step 22200/2499 loss 0.4674 662s
ep 8 step 22400/2499 loss 0.4674 722s
=== epoch 8 loss 0.4674 time 754s  (oracle-class EM, paradigm-class EM): {'dev_sample': (0.9773, 0.9533)}
ep 9 step 22600/2499 loss 0.4672 33s
ep 9 step 22800/2499 loss 0.4685 93s
ep 9 step 23000/2499 loss 0.4676 154s
ep 9 step 23200/2499 loss 0.4673 215s
ep 9 step 23400/2499 loss 0.4669 275s
ep 9 step 23600/2499 loss 0.4666 335s
ep 9 step 23800/2499 loss 0.4668 396s
ep 9 step 24000/2499 loss 0.4665 457s
ep 9 step 24200/2499 loss 0.4668 518s
ep 9 step 24400/2499 loss 0.4665 579s
ep 9 step 24600/2499 loss 0.4668 638s
ep 9 step 24800/2499 loss 0.4666 698s
=== epoch 9 loss 0.4667 time 760s  (oracle-class EM, paradigm-class EM): {'dev_sample': (0.9773, 0.9533)}
DONE
