loaded in 7s
  fit 3way_strict K=300 seed=0 in 20s
  fit 3way_strict K=300 seed=1 in 21s
  fit 3way_strict K=300 seed=2 in 19s
3way_strict  transfer  pipeline lam=1    n=13084 EM=0.9464 CER=0.0234 posacc=0.9648 (24s)
3way_strict  transfer  pipeline lam=2    n=13084 EM=0.9470 CER=0.0232 posacc=0.9656 (24s)
3way_strict  transfer  pipeline lam=3    n=13084 EM=0.9470 CER=0.0232 posacc=0.9655 (24s)
3way_strict  transfer  pipeline lam=5    n=13084 EM=0.9467 CER=0.0232 posacc=0.9651 (24s)
3way_strict  transfer  prior    lam=1    n=13084 EM=0.9466 CER=0.0232 posacc=0.9648 (27s)
3way_strict  transfer  nn       lam=1    n=13084 EM=0.4444 CER=0.1464 posacc=0.4547 (25s)
3way_strict  complete  pipeline lam=1    n= 6023 EM=0.9334 CER=0.0244 posacc=0.9487 (13s)
3way_strict  complete  pipeline lam=2    n= 6023 EM=0.9348 CER=0.0237 posacc=0.9502 (13s)
3way_strict  complete  pipeline lam=3    n= 6023 EM=0.9344 CER=0.0239 posacc=0.9495 (13s)
3way_strict  complete  pipeline lam=5    n= 6023 EM=0.9336 CER=0.0241 posacc=0.9485 (13s)
3way_strict  complete  prior    lam=1    n= 6023 EM=0.9308 CER=0.0246 posacc=0.9459 (11s)
3way_strict  complete  nn       lam=1    n= 6023 EM=0.4106 CER=0.1495 posacc=0.4199 (12s)
3way_strict  wug       pipeline lam=1    n= 6528 EM=0.4746 CER=0.1410 posacc=0.4888 (3s)
3way_strict  wug       pipeline lam=2    n= 6528 EM=0.4825 CER=0.1387 posacc=0.4962 (3s)
3way_strict  wug       pipeline lam=3    n= 6528 EM=0.4856 CER=0.1376 posacc=0.5002 (3s)
3way_strict  wug       pipeline lam=5    n= 6528 EM=0.4896 CER=0.1366 posacc=0.5046 (3s)
3way_strict  wug       prior    lam=1    n= 6528 EM=0.4905 CER=0.1373 posacc=0.5055 (3s)
3way_strict  wug       nn       lam=1    n= 6528 EM=0.4228 CER=0.1546 posacc=0.4349 (2s)
3way_strict  unseen    pipeline lam=1    n= 7176 EM=0.3687 CER=0.1433 posacc=0.3976 (3s)
3way_strict  unseen    pipeline lam=2    n= 7176 EM=0.3721 CER=0.1417 posacc=0.4040 (3s)
3way_strict  unseen    pipeline lam=3    n= 7176 EM=0.3722 CER=0.1415 posacc=0.4054 (3s)
3way_strict  unseen    pipeline lam=5    n= 7176 EM=0.3747 CER=0.1408 posacc=0.4090 (3s)
3way_strict  unseen    prior    lam=1    n= 7176 EM=0.3705 CER=0.1419 posacc=0.4018 (2s)
3way_strict  unseen    nn       lam=1    n= 7176 EM=0.3609 CER=0.1454 posacc=0.3871 (2s)
  fit 3way_noamb K=300 seed=0 in 19s
  fit 3way_noamb K=300 seed=1 in 23s
  fit 3way_noamb K=300 seed=2 in 21s
3way_noamb   transfer  pipeline lam=1    n=13084 EM=0.9433 CER=0.0246 posacc=0.9622 (30s)
3way_noamb   transfer  pipeline lam=2    n=13084 EM=0.9448 CER=0.0240 posacc=0.9636 (30s)
3way_noamb   transfer  pipeline lam=3    n=13084 EM=0.9453 CER=0.0238 posacc=0.9640 (30s)
3way_noamb   transfer  pipeline lam=5    n=13084 EM=0.9453 CER=0.0238 posacc=0.9641 (30s)
3way_noamb   transfer  prior    lam=1    n=13084 EM=0.9450 CER=0.0238 posacc=0.9638 (32s)
3way_noamb   transfer  nn       lam=1    n=13084 EM=0.4444 CER=0.1464 posacc=0.4547 (33s)
3way_noamb   complete  pipeline lam=1    n= 6023 EM=0.9316 CER=0.0248 posacc=0.9479 (15s)
3way_noamb   complete  pipeline lam=2    n= 6023 EM=0.9324 CER=0.0245 posacc=0.9485 (15s)
3way_noamb   complete  pipeline lam=3    n= 6023 EM=0.9323 CER=0.0246 posacc=0.9487 (15s)
3way_noamb   complete  pipeline lam=5    n= 6023 EM=0.9306 CER=0.0249 posacc=0.9470 (15s)
3way_noamb   complete  prior    lam=1    n= 6023 EM=0.9266 CER=0.0257 posacc=0.9427 (12s)
3way_noamb   complete  nn       lam=1    n= 6023 EM=0.4106 CER=0.1495 posacc=0.4199 (12s)
3way_noamb   wug       pipeline lam=1    n= 6528 EM=0.4769 CER=0.1411 posacc=0.4902 (2s)
3way_noamb   wug       pipeline lam=2    n= 6528 EM=0.4772 CER=0.1408 posacc=0.4910 (2s)
3way_noamb   wug       pipeline lam=3    n= 6528 EM=0.4724 CER=0.1424 posacc=0.4870 (2s)
3way_noamb   wug       pipeline lam=5    n= 6528 EM=0.4684 CER=0.1433 posacc=0.4831 (2s)
3way_noamb   wug       prior    lam=1    n= 6528 EM=0.4649 CER=0.1441 posacc=0.4795 (3s)
3way_noamb   wug       nn       lam=1    n= 6528 EM=0.4231 CER=0.1545 posacc=0.4352 (2s)
3way_noamb   unseen    pipeline lam=1    n= 7176 EM=0.3742 CER=0.1419 posacc=0.4033 (3s)
3way_noamb   unseen    pipeline lam=2    n= 7176 EM=0.3761 CER=0.1408 posacc=0.4091 (3s)
3way_noamb   unseen    pipeline lam=3    n= 7176 EM=0.3789 CER=0.1400 posacc=0.4133 (3s)
3way_noamb   unseen    pipeline lam=5    n= 7176 EM=0.3783 CER=0.1400 posacc=0.4122 (3s)
3way_noamb   unseen    prior    lam=1    n= 7176 EM=0.3788 CER=0.1400 posacc=0.4119 (2s)
3way_noamb   unseen    nn       lam=1    n= 7176 EM=0.3609 CER=0.1454 posacc=0.3871 (2s)
  fit 3way_fine K=300 seed=0 in 17s
  fit 3way_fine K=300 seed=1 in 21s
  fit 3way_fine K=300 seed=2 in 22s
3way_fine    transfer  pipeline lam=1    n=13084 EM=0.9473 CER=0.0233 posacc=0.9658 (31s)
3way_fine    transfer  pipeline lam=2    n=13084 EM=0.9480 CER=0.0229 posacc=0.9668 (31s)
3way_fine    transfer  pipeline lam=3    n=13084 EM=0.9483 CER=0.0228 posacc=0.9671 (31s)
3way_fine    transfer  pipeline lam=5    n=13084 EM=0.9486 CER=0.0227 posacc=0.9673 (31s)
3way_fine    transfer  prior    lam=1    n=13084 EM=0.9486 CER=0.0227 posacc=0.9674 (30s)
3way_fine    transfer  nn       lam=1    n=13084 EM=0.4443 CER=0.1464 posacc=0.4545 (27s)
3way_fine    complete  pipeline lam=1    n= 6023 EM=0.9412 CER=0.0224 posacc=0.9575 (14s)
3way_fine    complete  pipeline lam=2    n= 6023 EM=0.9431 CER=0.0216 posacc=0.9597 (14s)
3way_fine    complete  pipeline lam=3    n= 6023 EM=0.9424 CER=0.0216 posacc=0.9590 (14s)
3way_fine    complete  pipeline lam=5    n= 6023 EM=0.9427 CER=0.0214 posacc=0.9593 (14s)
3way_fine    complete  prior    lam=1    n= 6023 EM=0.9432 CER=0.0213 posacc=0.9597 (16s)
3way_fine    complete  nn       lam=1    n= 6023 EM=0.4109 CER=0.1494 posacc=0.4204 (15s)
3way_fine    wug       pipeline lam=1    n= 6528 EM=0.4723 CER=0.1424 posacc=0.4858 (4s)
3way_fine    wug       pipeline lam=2    n= 6528 EM=0.4809 CER=0.1403 posacc=0.4943 (4s)
3way_fine    wug       pipeline lam=3    n= 6528 EM=0.4861 CER=0.1389 posacc=0.5002 (4s)
3way_fine    wug       pipeline lam=5    n= 6528 EM=0.4862 CER=0.1390 posacc=0.5009 (4s)
3way_fine    wug       prior    lam=1    n= 6528 EM=0.4692 CER=0.1434 posacc=0.4851 (3s)
3way_fine    wug       nn       lam=1    n= 6528 EM=0.4223 CER=0.1549 posacc=0.4335 (2s)
3way_fine    unseen    pipeline lam=1    n= 7176 EM=0.3679 CER=0.1434 posacc=0.3969 (4s)
3way_fine    unseen    pipeline lam=2    n= 7176 EM=0.3698 CER=0.1426 posacc=0.4009 (4s)
3way_fine    unseen    pipeline lam=3    n= 7176 EM=0.3679 CER=0.1429 posacc=0.4011 (4s)
3way_fine    unseen    pipeline lam=5    n= 7176 EM=0.3632 CER=0.1442 posacc=0.3970 (4s)
3way_fine    unseen    prior    lam=1    n= 7176 EM=0.3315 CER=0.1536 posacc=0.3608 (2s)
3way_fine    unseen    nn       lam=1    n= 7176 EM=0.3613 CER=0.1452 posacc=0.3874 (2s)
saved /Users/md.hamidhosen/Documents/Kaggle/Cyrillic Morphological Induction Grand Challenge 2026/runs/exp/stress-representation/results_C_lim0.json
