loaded in 7s
  fit 3way K=300 seed=1 in 19s
  fit 3way K=300 seed=2 in 21s
3way         transfer  pipeline lam=1    n=13084 EM=0.9473 CER=0.0232 posacc=0.9660 (25s)
3way         transfer  pipeline lam=2    n=13084 EM=0.9483 CER=0.0229 posacc=0.9674 (25s)
3way         transfer  pipeline lam=3    n=13084 EM=0.9487 CER=0.0227 posacc=0.9677 (25s)
3way         transfer  pipeline lam=5    n=13084 EM=0.9489 CER=0.0227 posacc=0.9681 (25s)
3way         transfer  prior    lam=1    n=13084 EM=0.9489 CER=0.0227 posacc=0.9678 (24s)
3way         transfer  nn       lam=1    n=13084 EM=0.4443 CER=0.1464 posacc=0.4545 (27s)
3way         complete  pipeline lam=1    n= 6023 EM=0.9407 CER=0.0225 posacc=0.9568 (13s)
3way         complete  pipeline lam=2    n= 6023 EM=0.9426 CER=0.0217 posacc=0.9590 (13s)
3way         complete  pipeline lam=3    n= 6023 EM=0.9435 CER=0.0212 posacc=0.9602 (13s)
3way         complete  pipeline lam=5    n= 6023 EM=0.9440 CER=0.0210 posacc=0.9607 (13s)
3way         complete  prior    lam=1    n= 6023 EM=0.9427 CER=0.0214 posacc=0.9593 (11s)
3way         complete  nn       lam=1    n= 6023 EM=0.4111 CER=0.1494 posacc=0.4204 (13s)
3way         wug       pipeline lam=1    n= 6528 EM=0.4701 CER=0.1426 posacc=0.4836 (3s)
3way         wug       pipeline lam=2    n= 6528 EM=0.4778 CER=0.1409 posacc=0.4911 (3s)
3way         wug       pipeline lam=3    n= 6528 EM=0.4862 CER=0.1388 posacc=0.5005 (3s)
3way         wug       pipeline lam=5    n= 6528 EM=0.4908 CER=0.1378 posacc=0.5055 (3s)
3way         wug       prior    lam=1    n= 6528 EM=0.4715 CER=0.1428 posacc=0.4879 (3s)
3way         wug       nn       lam=1    n= 6528 EM=0.4223 CER=0.1549 posacc=0.4335 (2s)
3way         unseen    pipeline lam=1    n= 7176 EM=0.3669 CER=0.1436 posacc=0.3958 (3s)
3way         unseen    pipeline lam=2    n= 7176 EM=0.3698 CER=0.1426 posacc=0.4009 (3s)
3way         unseen    pipeline lam=3    n= 7176 EM=0.3679 CER=0.1428 posacc=0.4015 (3s)
3way         unseen    pipeline lam=5    n= 7176 EM=0.3664 CER=0.1433 posacc=0.4004 (3s)
3way         unseen    prior    lam=1    n= 7176 EM=0.3315 CER=0.1536 posacc=0.3608 (2s)
3way         unseen    nn       lam=1    n= 7176 EM=0.3613 CER=0.1452 posacc=0.3874 (3s)
  fit rel K=300 seed=0 in 27s
  fit rel K=300 seed=1 in 32s
  fit rel K=300 seed=2 in 27s
rel          transfer  pipeline lam=1    n=13084 EM=0.9374 CER=0.0260 posacc=0.9559 (41s)
rel          transfer  pipeline lam=2    n=13084 EM=0.9382 CER=0.0257 posacc=0.9566 (41s)
rel          transfer  pipeline lam=3    n=13084 EM=0.9382 CER=0.0256 posacc=0.9567 (41s)
rel          transfer  pipeline lam=5    n=13084 EM=0.9381 CER=0.0255 posacc=0.9564 (41s)
rel          transfer  prior    lam=1    n=13084 EM=0.9368 CER=0.0258 posacc=0.9552 (44s)
rel          transfer  nn       lam=1    n=13084 EM=0.4445 CER=0.1464 posacc=0.4548 (40s)
rel          complete  pipeline lam=1    n= 6023 EM=0.9251 CER=0.0267 posacc=0.9409 (16s)
rel          complete  pipeline lam=2    n= 6023 EM=0.9266 CER=0.0262 posacc=0.9422 (16s)
rel          complete  pipeline lam=3    n= 6023 EM=0.9274 CER=0.0258 posacc=0.9429 (16s)
rel          complete  pipeline lam=5    n= 6023 EM=0.9276 CER=0.0256 posacc=0.9429 (16s)
rel          complete  prior    lam=1    n= 6023 EM=0.9233 CER=0.0264 posacc=0.9384 (13s)
rel          complete  nn       lam=1    n= 6023 EM=0.4104 CER=0.1495 posacc=0.4199 (13s)
rel          wug       pipeline lam=1    n= 6528 EM=0.4619 CER=0.1450 posacc=0.4741 (4s)
rel          wug       pipeline lam=2    n= 6528 EM=0.4779 CER=0.1404 posacc=0.4910 (4s)
rel          wug       pipeline lam=3    n= 6528 EM=0.4836 CER=0.1389 posacc=0.4969 (4s)
rel          wug       pipeline lam=5    n= 6528 EM=0.4853 CER=0.1382 posacc=0.4991 (4s)
rel          wug       prior    lam=1    n= 6528 EM=0.4813 CER=0.1395 posacc=0.4945 (5s)
rel          wug       nn       lam=1    n= 6528 EM=0.4242 CER=0.1544 posacc=0.4363 (3s)
rel          unseen    pipeline lam=1    n= 7176 EM=0.3502 CER=0.1457 posacc=0.3724 (4s)
rel          unseen    pipeline lam=2    n= 7176 EM=0.3475 CER=0.1462 posacc=0.3697 (4s)
rel          unseen    pipeline lam=3    n= 7176 EM=0.3452 CER=0.1467 posacc=0.3673 (4s)
rel          unseen    pipeline lam=5    n= 7176 EM=0.3480 CER=0.1463 posacc=0.3698 (4s)
rel          unseen    prior    lam=1    n= 7176 EM=0.3484 CER=0.1481 posacc=0.3705 (3s)
rel          unseen    nn       lam=1    n= 7176 EM=0.3608 CER=0.1454 posacc=0.3873 (4s)
  fit rel_init K=300 seed=0 in 30s
  fit rel_init K=300 seed=1 in 32s
  fit rel_init K=300 seed=2 in 28s
rel_init     transfer  pipeline lam=1    n=13084 EM=0.9418 CER=0.0249 posacc=0.9608 (37s)
rel_init     transfer  pipeline lam=2    n=13084 EM=0.9435 CER=0.0243 posacc=0.9623 (37s)
rel_init     transfer  pipeline lam=3    n=13084 EM=0.9438 CER=0.0242 posacc=0.9625 (37s)
rel_init     transfer  pipeline lam=5    n=13084 EM=0.9444 CER=0.0240 posacc=0.9631 (37s)
rel_init     transfer  prior    lam=1    n=13084 EM=0.9441 CER=0.0240 posacc=0.9626 (38s)
rel_init     transfer  nn       lam=1    n=13084 EM=0.4444 CER=0.1464 posacc=0.4547 (30s)
rel_init     complete  pipeline lam=1    n= 6023 EM=0.9299 CER=0.0254 posacc=0.9454 (13s)
rel_init     complete  pipeline lam=2    n= 6023 EM=0.9306 CER=0.0252 posacc=0.9467 (13s)
rel_init     complete  pipeline lam=3    n= 6023 EM=0.9308 CER=0.0249 posacc=0.9469 (13s)
rel_init     complete  pipeline lam=5    n= 6023 EM=0.9293 CER=0.0253 posacc=0.9455 (13s)
rel_init     complete  prior    lam=1    n= 6023 EM=0.9266 CER=0.0256 posacc=0.9426 (11s)
rel_init     complete  nn       lam=1    n= 6023 EM=0.4104 CER=0.1495 posacc=0.4199 (11s)
rel_init     wug       pipeline lam=1    n= 6528 EM=0.4663 CER=0.1438 posacc=0.4799 (3s)
rel_init     wug       pipeline lam=2    n= 6528 EM=0.4770 CER=0.1409 posacc=0.4910 (3s)
rel_init     wug       pipeline lam=3    n= 6528 EM=0.4838 CER=0.1387 posacc=0.4985 (3s)
rel_init     wug       pipeline lam=5    n= 6528 EM=0.4864 CER=0.1376 posacc=0.5014 (3s)
rel_init     wug       prior    lam=1    n= 6528 EM=0.4828 CER=0.1394 posacc=0.4971 (3s)
rel_init     wug       nn       lam=1    n= 6528 EM=0.4220 CER=0.1549 posacc=0.4341 (3s)
rel_init     unseen    pipeline lam=1    n= 7176 EM=0.3630 CER=0.1451 posacc=0.3899 (5s)
rel_init     unseen    pipeline lam=2    n= 7176 EM=0.3640 CER=0.1441 posacc=0.3916 (5s)
rel_init     unseen    pipeline lam=3    n= 7176 EM=0.3658 CER=0.1435 posacc=0.3949 (5s)
rel_init     unseen    pipeline lam=5    n= 7176 EM=0.3616 CER=0.1440 posacc=0.3910 (5s)
rel_init     unseen    prior    lam=1    n= 7176 EM=0.3562 CER=0.1463 posacc=0.3832 (2s)
rel_init     unseen    nn       lam=1    n= 7176 EM=0.3608 CER=0.1454 posacc=0.3870 (4s)
saved /Users/md.hamidhosen/Documents/Kaggle/Cyrillic Morphological Induction Grand Challenge 2026/runs/exp/stress-representation/results_B_lim0.json
