cur5         wug       prior-only gold-position acc = 0.4764 n=6528 (3s)
cur5         wug       joint rw=0    lam=2    n= 6528 EM=0.4675 CER=0.1432 (30s)
cur5         wug       joint rw=0    lam=5    n= 6528 EM=0.4643 CER=0.1450 (30s)
cur5         wug       joint rw=0.5  lam=2    n= 6528 EM=0.4717 CER=0.1422 (30s)
cur5         wug       joint rw=0.5  lam=5    n= 6528 EM=0.4759 CER=0.1416 (30s)
cur5         wug       joint rw=1    lam=2    n= 6528 EM=0.4701 CER=0.1436 (30s)
cur5         wug       joint rw=1    lam=5    n= 6528 EM=0.4649 CER=0.1450 (30s)
cur5         complete  prior-only gold-position acc = 0.9296 n=6023 (11s)
cur5         complete  joint rw=0    lam=2    n= 6023 EM=0.9357 CER=0.0242 (44s)
cur5         complete  joint rw=0    lam=5    n= 6023 EM=0.9336 CER=0.0247 (44s)
cur5         complete  joint rw=0.5  lam=2    n= 6023 EM=0.9359 CER=0.0241 (44s)
cur5         complete  joint rw=0.5  lam=5    n= 6023 EM=0.9338 CER=0.0246 (44s)
cur5         complete  joint rw=1    lam=2    n= 6023 EM=0.9359 CER=0.0241 (44s)
cur5         complete  joint rw=1    lam=5    n= 6023 EM=0.9339 CER=0.0245 (44s)
cur5         unseen    prior-only gold-position acc = 0.4116 n=7176 (2s)
cur5         unseen    joint rw=0    lam=2    n= 7176 EM=0.3788 CER=0.1401 (36s)
cur5         unseen    joint rw=0    lam=5    n= 7176 EM=0.3790 CER=0.1395 (36s)
cur5         unseen    joint rw=0.5  lam=2    n= 7176 EM=0.3757 CER=0.1405 (36s)
cur5         unseen    joint rw=0.5  lam=5    n= 7176 EM=0.3749 CER=0.1409 (36s)
cur5         unseen    joint rw=1    lam=2    n= 7176 EM=0.3676 CER=0.1425 (36s)
cur5         unseen    joint rw=1    lam=5    n= 7176 EM=0.3661 CER=0.1429 (36s)
3way         wug       prior-only gold-position acc = 0.5086 n=6528 (1s)
3way         wug       joint rw=0    lam=2    n= 6528 EM=0.4778 CER=0.1409 (21s)
3way         wug       joint rw=0    lam=5    n= 6528 EM=0.4908 CER=0.1378 (21s)
3way         wug       joint rw=0.5  lam=2    n= 6528 EM=0.4831 CER=0.1397 (21s)
3way         wug       joint rw=0.5  lam=5    n= 6528 EM=0.4838 CER=0.1402 (21s)
3way         wug       joint rw=1    lam=2    n= 6528 EM=0.4726 CER=0.1426 (21s)
3way         wug       joint rw=1    lam=5    n= 6528 EM=0.4804 CER=0.1413 (21s)
3way         complete  prior-only gold-position acc = 0.9602 n=6023 (9s)
3way         complete  joint rw=0    lam=2    n= 6023 EM=0.9426 CER=0.0217 (43s)
3way         complete  joint rw=0    lam=5    n= 6023 EM=0.9440 CER=0.0210 (43s)
3way         complete  joint rw=0.5  lam=2    n= 6023 EM=0.9426 CER=0.0217 (43s)
3way         complete  joint rw=0.5  lam=5    n= 6023 EM=0.9437 CER=0.0211 (43s)
3way         complete  joint rw=1    lam=2    n= 6023 EM=0.9421 CER=0.0219 (43s)
3way         complete  joint rw=1    lam=5    n= 6023 EM=0.9432 CER=0.0213 (43s)
3way         unseen    prior-only gold-position acc = 0.4054 n=7176 (1s)
3way         unseen    joint rw=0    lam=2    n= 7176 EM=0.3698 CER=0.1426 (40s)
3way         unseen    joint rw=0    lam=5    n= 7176 EM=0.3664 CER=0.1433 (40s)
3way         unseen    joint rw=0.5  lam=2    n= 7176 EM=0.3737 CER=0.1413 (40s)
3way         unseen    joint rw=0.5  lam=5    n= 7176 EM=0.3634 CER=0.1443 (40s)
3way         unseen    joint rw=1    lam=2    n= 7176 EM=0.3634 CER=0.1445 (40s)
3way         unseen    joint rw=1    lam=5    n= 7176 EM=0.3570 CER=0.1468 (40s)
saved /Users/md.hamidhosen/Documents/Kaggle/Cyrillic Morphological Induction Grand Challenge 2026/runs/exp/stress-representation/results_joint_lim0.json
