loaded in 7s
  fit cur5 K=300 seed=1 in 22s
  fit cur5 K=300 seed=2 in 22s
cur5         transfer  pipeline lam=1    n=13084 EM=0.9485 CER=0.0236 posacc=0.9641 (24s)
cur5         transfer  pipeline lam=2    n=13084 EM=0.9503 CER=0.0231 posacc=0.9655 (24s)
cur5         transfer  pipeline lam=3    n=13084 EM=0.9506 CER=0.0231 posacc=0.9655 (24s)
cur5         transfer  pipeline lam=5    n=13084 EM=0.9506 CER=0.0230 posacc=0.9656 (24s)
cur5         transfer  prior    lam=1    n=13084 EM=0.9504 CER=0.0230 posacc=0.9655 (25s)
cur5         transfer  nn       lam=1    n=13084 EM=0.4460 CER=0.1459 posacc=0.4550 (27s)
cur5         complete  pipeline lam=1    n= 6023 EM=0.9331 CER=0.0248 posacc=0.9455 (11s)
cur5         complete  pipeline lam=2    n= 6023 EM=0.9357 CER=0.0242 posacc=0.9479 (11s)
cur5         complete  pipeline lam=3    n= 6023 EM=0.9344 CER=0.0245 posacc=0.9470 (11s)
cur5         complete  pipeline lam=5    n= 6023 EM=0.9336 CER=0.0247 posacc=0.9467 (11s)
cur5         complete  prior    lam=1    n= 6023 EM=0.9311 CER=0.0251 posacc=0.9450 (12s)
cur5         complete  nn       lam=1    n= 6023 EM=0.4118 CER=0.1490 posacc=0.4206 (12s)
cur5         wug       pipeline lam=1    n= 6528 EM=0.4609 CER=0.1446 posacc=0.4729 (3s)
cur5         wug       pipeline lam=2    n= 6528 EM=0.4675 CER=0.1432 posacc=0.4793 (3s)
cur5         wug       pipeline lam=3    n= 6528 EM=0.4648 CER=0.1446 posacc=0.4769 (3s)
cur5         wug       pipeline lam=5    n= 6528 EM=0.4643 CER=0.1450 posacc=0.4769 (3s)
cur5         wug       prior    lam=1    n= 6528 EM=0.4556 CER=0.1465 posacc=0.4692 (3s)
cur5         wug       nn       lam=1    n= 6528 EM=0.4237 CER=0.1541 posacc=0.4346 (2s)
cur5         unseen    pipeline lam=1    n= 7176 EM=0.3789 CER=0.1406 posacc=0.4027 (3s)
cur5         unseen    pipeline lam=2    n= 7176 EM=0.3788 CER=0.1401 posacc=0.4048 (3s)
cur5         unseen    pipeline lam=3    n= 7176 EM=0.3799 CER=0.1396 posacc=0.4073 (3s)
cur5         unseen    pipeline lam=5    n= 7176 EM=0.3790 CER=0.1395 posacc=0.4086 (3s)
cur5         unseen    prior    lam=1    n= 7176 EM=0.3718 CER=0.1412 posacc=0.4045 (2s)
cur5         unseen    nn       lam=1    n= 7176 EM=0.3626 CER=0.1450 posacc=0.3835 (3s)
  fit cur_uncapped K=300 seed=0 in 19s
  fit cur_uncapped K=300 seed=1 in 23s
  fit cur_uncapped K=300 seed=2 in 22s
cur_uncapped transfer  pipeline lam=1    n=13084 EM=0.9471 CER=0.0241 posacc=0.9621 (28s)
cur_uncapped transfer  pipeline lam=2    n=13084 EM=0.9495 CER=0.0234 posacc=0.9641 (28s)
cur_uncapped transfer  pipeline lam=3    n=13084 EM=0.9497 CER=0.0233 posacc=0.9643 (28s)
cur_uncapped transfer  pipeline lam=5    n=13084 EM=0.9498 CER=0.0233 posacc=0.9644 (28s)
cur_uncapped transfer  prior    lam=1    n=13084 EM=0.9494 CER=0.0233 posacc=0.9640 (30s)
cur_uncapped transfer  nn       lam=1    n=13084 EM=0.4460 CER=0.1459 posacc=0.4550 (35s)
cur_uncapped complete  pipeline lam=1    n= 6023 EM=0.9323 CER=0.0253 posacc=0.9447 (17s)
cur_uncapped complete  pipeline lam=2    n= 6023 EM=0.9346 CER=0.0245 posacc=0.9472 (17s)
cur_uncapped complete  pipeline lam=3    n= 6023 EM=0.9343 CER=0.0245 posacc=0.9474 (17s)
cur_uncapped complete  pipeline lam=5    n= 6023 EM=0.9324 CER=0.0251 posacc=0.9460 (17s)
cur_uncapped complete  prior    lam=1    n= 6023 EM=0.9306 CER=0.0252 posacc=0.9455 (15s)
cur_uncapped complete  nn       lam=1    n= 6023 EM=0.4118 CER=0.1490 posacc=0.4206 (14s)
cur_uncapped wug       pipeline lam=1    n= 6528 EM=0.4620 CER=0.1444 posacc=0.4740 (3s)
cur_uncapped wug       pipeline lam=2    n= 6528 EM=0.4643 CER=0.1441 posacc=0.4761 (3s)
cur_uncapped wug       pipeline lam=3    n= 6528 EM=0.4675 CER=0.1439 posacc=0.4795 (3s)
cur_uncapped wug       pipeline lam=5    n= 6528 EM=0.4671 CER=0.1442 posacc=0.4796 (3s)
cur_uncapped wug       prior    lam=1    n= 6528 EM=0.4576 CER=0.1459 posacc=0.4715 (3s)
cur_uncapped wug       nn       lam=1    n= 6528 EM=0.4237 CER=0.1541 posacc=0.4346 (3s)
cur_uncapped unseen    pipeline lam=1    n= 7176 EM=0.3800 CER=0.1404 posacc=0.4040 (3s)
cur_uncapped unseen    pipeline lam=2    n= 7176 EM=0.3807 CER=0.1397 posacc=0.4072 (3s)
cur_uncapped unseen    pipeline lam=3    n= 7176 EM=0.3792 CER=0.1398 posacc=0.4066 (3s)
cur_uncapped unseen    pipeline lam=5    n= 7176 EM=0.3807 CER=0.1392 posacc=0.4098 (3s)
cur_uncapped unseen    prior    lam=1    n= 7176 EM=0.3700 CER=0.1415 posacc=0.4022 (2s)
cur_uncapped unseen    nn       lam=1    n= 7176 EM=0.3625 CER=0.1450 posacc=0.3834 (3s)
  fit fromstart K=300 seed=0 in 20s
  fit fromstart K=300 seed=1 in 23s
  fit fromstart K=300 seed=2 in 25s
fromstart    transfer  pipeline lam=1    n=13084 EM=0.9282 CER=0.0273 posacc=0.9471 (30s)
fromstart    transfer  pipeline lam=2    n=13084 EM=0.9295 CER=0.0269 posacc=0.9484 (30s)
fromstart    transfer  pipeline lam=3    n=13084 EM=0.9301 CER=0.0267 posacc=0.9492 (30s)
fromstart    transfer  pipeline lam=5    n=13084 EM=0.9296 CER=0.0267 posacc=0.9486 (30s)
fromstart    transfer  prior    lam=1    n=13084 EM=0.9280 CER=0.0269 posacc=0.9469 (27s)
fromstart    transfer  nn       lam=1    n=13084 EM=0.4450 CER=0.1463 posacc=0.4553 (27s)
fromstart    complete  pipeline lam=1    n= 6023 EM=0.9095 CER=0.0289 posacc=0.9248 (13s)
fromstart    complete  pipeline lam=2    n= 6023 EM=0.9138 CER=0.0277 posacc=0.9289 (13s)
fromstart    complete  pipeline lam=3    n= 6023 EM=0.9120 CER=0.0282 posacc=0.9271 (13s)
fromstart    complete  pipeline lam=5    n= 6023 EM=0.9108 CER=0.0284 posacc=0.9260 (13s)
fromstart    complete  prior    lam=1    n= 6023 EM=0.9080 CER=0.0286 posacc=0.9233 (14s)
fromstart    complete  nn       lam=1    n= 6023 EM=0.4101 CER=0.1496 posacc=0.4194 (16s)
fromstart    wug       pipeline lam=1    n= 6528 EM=0.4562 CER=0.1457 posacc=0.4710 (3s)
fromstart    wug       pipeline lam=2    n= 6528 EM=0.4517 CER=0.1469 posacc=0.4675 (3s)
fromstart    wug       pipeline lam=3    n= 6528 EM=0.4488 CER=0.1478 posacc=0.4651 (3s)
fromstart    wug       pipeline lam=5    n= 6528 EM=0.4484 CER=0.1481 posacc=0.4646 (3s)
fromstart    wug       prior    lam=1    n= 6528 EM=0.4413 CER=0.1490 posacc=0.4588 (4s)
fromstart    wug       nn       lam=1    n= 6528 EM=0.4234 CER=0.1543 posacc=0.4352 (3s)
fromstart    unseen    pipeline lam=1    n= 7176 EM=0.3689 CER=0.1426 posacc=0.4020 (3s)
fromstart    unseen    pipeline lam=2    n= 7176 EM=0.3683 CER=0.1432 posacc=0.4011 (3s)
fromstart    unseen    pipeline lam=3    n= 7176 EM=0.3572 CER=0.1461 posacc=0.3896 (3s)
fromstart    unseen    pipeline lam=5    n= 7176 EM=0.3471 CER=0.1491 posacc=0.3793 (3s)
fromstart    unseen    prior    lam=1    n= 7176 EM=0.3397 CER=0.1517 posacc=0.3711 (2s)
fromstart    unseen    nn       lam=1    n= 7176 EM=0.3587 CER=0.1459 posacc=0.3846 (2s)
  fit fromend K=300 seed=0 in 19s
  fit fromend K=300 seed=1 in 17s
  fit fromend K=300 seed=2 in 16s
fromend      transfer  pipeline lam=1    n=13084 EM=0.9364 CER=0.0269 posacc=0.9478 (21s)
fromend      transfer  pipeline lam=2    n=13084 EM=0.9409 CER=0.0259 posacc=0.9522 (21s)
fromend      transfer  pipeline lam=3    n=13084 EM=0.9415 CER=0.0258 posacc=0.9530 (21s)
fromend      transfer  pipeline lam=5    n=13084 EM=0.9419 CER=0.0257 posacc=0.9535 (21s)
fromend      transfer  prior    lam=1    n=13084 EM=0.9377 CER=0.0265 posacc=0.9516 (23s)
fromend      transfer  nn       lam=1    n=13084 EM=0.4452 CER=0.1460 posacc=0.4539 (19s)
fromend      complete  pipeline lam=1    n= 6023 EM=0.9143 CER=0.0299 posacc=0.9248 (10s)
fromend      complete  pipeline lam=2    n= 6023 EM=0.9183 CER=0.0288 posacc=0.9273 (10s)
fromend      complete  pipeline lam=3    n= 6023 EM=0.9181 CER=0.0289 posacc=0.9273 (10s)
fromend      complete  pipeline lam=5    n= 6023 EM=0.9158 CER=0.0297 posacc=0.9264 (10s)
fromend      complete  prior    lam=1    n= 6023 EM=0.9090 CER=0.0312 posacc=0.9240 (7s)
fromend      complete  nn       lam=1    n= 6023 EM=0.4091 CER=0.1496 posacc=0.4179 (10s)
fromend      wug       pipeline lam=1    n= 6528 EM=0.4390 CER=0.1510 posacc=0.4494 (3s)
fromend      wug       pipeline lam=2    n= 6528 EM=0.4455 CER=0.1495 posacc=0.4559 (3s)
fromend      wug       pipeline lam=3    n= 6528 EM=0.4422 CER=0.1502 posacc=0.4527 (3s)
fromend      wug       pipeline lam=5    n= 6528 EM=0.4395 CER=0.1512 posacc=0.4504 (3s)
fromend      wug       prior    lam=1    n= 6528 EM=0.4372 CER=0.1516 posacc=0.4493 (3s)
fromend      wug       nn       lam=1    n= 6528 EM=0.4246 CER=0.1543 posacc=0.4343 (2s)
fromend      unseen    pipeline lam=1    n= 7176 EM=0.3535 CER=0.1450 posacc=0.3733 (3s)
fromend      unseen    pipeline lam=2    n= 7176 EM=0.3488 CER=0.1460 posacc=0.3679 (3s)
fromend      unseen    pipeline lam=3    n= 7176 EM=0.3477 CER=0.1462 posacc=0.3661 (3s)
fromend      unseen    pipeline lam=5    n= 7176 EM=0.3501 CER=0.1461 posacc=0.3671 (3s)
fromend      unseen    prior    lam=1    n= 7176 EM=0.3528 CER=0.1467 posacc=0.3691 (2s)
fromend      unseen    nn       lam=1    n= 7176 EM=0.3640 CER=0.1446 posacc=0.3850 (4s)
saved /Users/md.hamidhosen/Documents/Kaggle/Cyrillic Morphological Induction Grand Challenge 2026/runs/exp/stress-representation/results_A_lim0.json
