ctx_clean: 324800 -> 319132 context rows
priors ready 3s
/Users/md.hamidhosen/.pyenv/versions/3.12.11/lib/python3.12/site-packages/torch/nn/modules/transformer.py:145: UserWarning: enable_nested_tensor is True, but self.use_nested_tensor is False because encoder_layer.norm_first was True
  self.encoder = TransformerEncoder(
loaded 5 local models on mps
candidates ready 6s
/Users/md.hamidhosen/.pyenv/versions/3.12.11/lib/python3.12/site-packages/torch/nn/modules/activation.py:1337: UserWarning: Support for mismatched key_padding_mask and attn_mask is deprecated. Use same type for both instead.
  key_padding_mask = F._canonical_mask(
    local beam cache: 18000 decoded, 0 reused
  [transfer] local beams 18000 rows x 5 models in 754s
  transfer: pooling changed 13 rows
  transfer: 18000 rows decided
    local beam cache: 15000 decoded, 0 reused
  [complete] local beams 15000 rows x 5 models in 645s
  complete: pooling changed 22 rows
  complete: 15000 rows decided
    local beam cache: 18260 decoded, 0 reused
  [wug] local beams 18260 rows x 5 models in 450s
  wug: pooling changed 71 rows
  wug: 18260 rows decided
    local beam cache: 8740 decoded, 0 reused
  [unseen] local beams 8740 rows x 5 models in 234s
  unseen: pooling changed 146 rows
  unseen: 8740 rows decided
fixes applied: {'B': 87, 'A': 5, 'C': 4} {'transfer': 0, 'complete': 5, 'wug': 12, 'unseen': 79}
wrote runs/final/sub_final_v4.csv 60000 2112s
