== var_wug_lam3
changed vs reference: 922 (1.54%); stress-only changes: 599
   transfer  n= 18000 changed      0 (0.00%)  stress-only 0
   complete  n= 15000 changed      0 (0.00%)  stress-only 0
   wug       n= 18260 changed    922 (5.05%)  stress-only 599
   unseen    n=  8740 changed      0 (0.00%)  stress-only 0
PREFLIGHT PASSED
== var_uns_lam1
changed vs reference: 802 (1.34%); stress-only changes: 525
   transfer  n= 18000 changed      0 (0.00%)  stress-only 0
   complete  n= 15000 changed      0 (0.00%)  stress-only 0
   wug       n= 18260 changed      0 (0.00%)  stress-only 0
   unseen    n=  8740 changed    802 (9.18%)  stress-only 525
PREFLIGHT PASSED
== var_complete_poe
changed vs reference: 77 (0.13%); stress-only changes: 61
   transfer  n= 18000 changed      0 (0.00%)  stress-only 0
   complete  n= 15000 changed     77 (0.51%)  stress-only 61
   wug       n= 18260 changed      0 (0.00%)  stress-only 0
   unseen    n=  8740 changed      0 (0.00%)  stress-only 0
PREFLIGHT PASSED
